Archive member included because of file (symbol)

c:/program files/atmel/atmel toolchain/arm gcc/native/4.8.1443/arm-gnu-toolchain/bin/../lib/gcc/arm-none-eabi/4.8.4/armv7-m\libgcc.a(_arm_addsubsf3.o)
                              unity/unity.o (__aeabi_fsub)
c:/program files/atmel/atmel toolchain/arm gcc/native/4.8.1443/arm-gnu-toolchain/bin/../lib/gcc/arm-none-eabi/4.8.4/armv7-m\libgcc.a(_arm_muldivsf3.o)
                              unity/unity.o (__aeabi_fmul)
c:/program files/atmel/atmel toolchain/arm gcc/native/4.8.1443/arm-gnu-toolchain/bin/../lib/gcc/arm-none-eabi/4.8.4/armv7-m\libgcc.a(_arm_cmpsf2.o)
                              unity/unity.o (__aeabi_fcmpeq)
c:/program files/atmel/atmel toolchain/arm gcc/native/4.8.1443/arm-gnu-toolchain/bin/../lib/gcc/arm-none-eabi/4.8.4/../../../../arm-none-eabi/lib/armv7-m\libc.a(lib_a-exit.o)
                              c:/program files/atmel/atmel toolchain/arm gcc/native/4.8.1443/arm-gnu-toolchain/bin/../lib/gcc/arm-none-eabi/4.8.4/../../../../arm-none-eabi/lib/armv7-m/crt0.o (exit)
c:/program files/atmel/atmel toolchain/arm gcc/native/4.8.1443/arm-gnu-toolchain/bin/../lib/gcc/arm-none-eabi/4.8.4/../../../../arm-none-eabi/lib/armv7-m\libc.a(lib_a-impure.o)
                              c:/program files/atmel/atmel toolchain/arm gcc/native/4.8.1443/arm-gnu-toolchain/bin/../lib/gcc/arm-none-eabi/4.8.4/../../../../arm-none-eabi/lib/armv7-m\libc.a(lib_a-exit.o) (_global_impure_ptr)
c:/program files/atmel/atmel toolchain/arm gcc/native/4.8.1443/arm-gnu-toolchain/bin/../lib/gcc/arm-none-eabi/4.8.4/../../../../arm-none-eabi/lib/armv7-m\libc.a(lib_a-init.o)
                              c:/program files/atmel/atmel toolchain/arm gcc/native/4.8.1443/arm-gnu-toolchain/bin/../lib/gcc/arm-none-eabi/4.8.4/../../../../arm-none-eabi/lib/armv7-m/crt0.o (__libc_init_array)
c:/program files/atmel/atmel toolchain/arm gcc/native/4.8.1443/arm-gnu-toolchain/bin/../lib/gcc/arm-none-eabi/4.8.4/../../../../arm-none-eabi/lib/armv7-m\libc.a(lib_a-iprintf.o)
                              src/ASF/sam/drivers/adc/adc.o (iprintf)
c:/program files/atmel/atmel toolchain/arm gcc/native/4.8.1443/arm-gnu-toolchain/bin/../lib/gcc/arm-none-eabi/4.8.4/../../../../arm-none-eabi/lib/armv7-m\libc.a(lib_a-memset.o)
                              c:/program files/atmel/atmel toolchain/arm gcc/native/4.8.1443/arm-gnu-toolchain/bin/../lib/gcc/arm-none-eabi/4.8.4/../../../../arm-none-eabi/lib/armv7-m/crt0.o (memset)
c:/program files/atmel/atmel toolchain/arm gcc/native/4.8.1443/arm-gnu-toolchain/bin/../lib/gcc/arm-none-eabi/4.8.4/../../../../arm-none-eabi/lib/armv7-m\libc.a(lib_a-puts.o)
                              src/ASF/sam/drivers/adc/adc.o (puts)
c:/program files/atmel/atmel toolchain/arm gcc/native/4.8.1443/arm-gnu-toolchain/bin/../lib/gcc/arm-none-eabi/4.8.4/../../../../arm-none-eabi/lib/armv7-m\libc.a(lib_a-setbuf.o)
                              src/ASF/thirdparty/wireless/addons/sio2host/uart/sio2host.o (setbuf)
c:/program files/atmel/atmel toolchain/arm gcc/native/4.8.1443/arm-gnu-toolchain/bin/../lib/gcc/arm-none-eabi/4.8.4/../../../../arm-none-eabi/lib/armv7-m\libc.a(lib_a-setjmp.o)
                              unity/unity.o (setjmp)
c:/program files/atmel/atmel toolchain/arm gcc/native/4.8.1443/arm-gnu-toolchain/bin/../lib/gcc/arm-none-eabi/4.8.4/../../../../arm-none-eabi/lib/armv7-m\libc.a(lib_a-setvbuf.o)
                              c:/program files/atmel/atmel toolchain/arm gcc/native/4.8.1443/arm-gnu-toolchain/bin/../lib/gcc/arm-none-eabi/4.8.4/../../../../arm-none-eabi/lib/armv7-m\libc.a(lib_a-setbuf.o) (setvbuf)
c:/program files/atmel/atmel toolchain/arm gcc/native/4.8.1443/arm-gnu-toolchain/bin/../lib/gcc/arm-none-eabi/4.8.4/../../../../arm-none-eabi/lib/armv7-m\libc.a(lib_a-strlen.o)
                              c:/program files/atmel/atmel toolchain/arm gcc/native/4.8.1443/arm-gnu-toolchain/bin/../lib/gcc/arm-none-eabi/4.8.4/../../../../arm-none-eabi/lib/armv7-m\libc.a(lib_a-puts.o) (strlen)
c:/program files/atmel/atmel toolchain/arm gcc/native/4.8.1443/arm-gnu-toolchain/bin/../lib/gcc/arm-none-eabi/4.8.4/../../../../arm-none-eabi/lib/armv7-m\libc.a(lib_a-vfiprintf.o)
                              c:/program files/atmel/atmel toolchain/arm gcc/native/4.8.1443/arm-gnu-toolchain/bin/../lib/gcc/arm-none-eabi/4.8.4/../../../../arm-none-eabi/lib/armv7-m\libc.a(lib_a-iprintf.o) (_vfiprintf_r)
c:/program files/atmel/atmel toolchain/arm gcc/native/4.8.1443/arm-gnu-toolchain/bin/../lib/gcc/arm-none-eabi/4.8.4/../../../../arm-none-eabi/lib/armv7-m\libc.a(lib_a-wbuf.o)
                              unity/unity.o (__swbuf_r)
c:/program files/atmel/atmel toolchain/arm gcc/native/4.8.1443/arm-gnu-toolchain/bin/../lib/gcc/arm-none-eabi/4.8.4/../../../../arm-none-eabi/lib/armv7-m\libc.a(lib_a-wsetup.o)
[...]
Memory Configuration

Name             Origin             Length             Attributes
rom              0x00080000         0x00080000         xr
sram0            0x20000000         0x00010000         xrw
sram1            0x20080000         0x00008000         xrw
ram              0x20070000         0x00018000         xrw
*default*        0x00000000         0xffffffff

Linker script and memory map

LOAD c:/program files/atmel/atmel toolchain/arm gcc/native/4.8.1443/arm-gnu-toolchain/bin/../lib/gcc/arm-none-eabi/4.8.4/armv7-m/crti.o
LOAD c:/program files/atmel/atmel toolchain/arm gcc/native/4.8.1443/arm-gnu-toolchain/bin/../lib/gcc/arm-none-eabi/4.8.4/armv7-m/crtbegin.o
LOAD c:/program files/atmel/atmel toolchain/arm gcc/native/4.8.1443/arm-gnu-toolchain/bin/../lib/gcc/arm-none-eabi/4.8.4/../../../../arm-none-eabi/lib/armv7-m/crt0.o
LOAD src/adcFunctions.o
LOAD src/ASF/common/services/serial/usart_serial.o
LOAD src/ASF/common/utils/stdio/read.o
LOAD src/ASF/common/utils/stdio/write.o
LOAD src/ASF/sam/drivers/adc/adc.o
LOAD src/ASF/sam/drivers/adc/adc_sam3u.o
LOAD src/ASF/sam/drivers/tc/tc.o
LOAD src/ASF/sam/drivers/uart/uart.o
LOAD src/ASF/sam/drivers/usart/usart.o
LOAD src/ASF/thirdparty/wireless/addons/sio2host/uart/sio2host.o
LOAD src/buttons.o
LOAD src/ConsoleFunctions.o
LOAD src/DelayFunctions.o
LOAD src/lcdApplication.o
LOAD src/LCDFunctions.o
LOAD test/main.o
LOAD test/test_adcFunctions.o
LOAD test/test_buttons.o
LOAD test/test_delayFunctions.o
LOAD test/test_lcdApplication.o
LOAD test/test_lcdFunctions.o
LOAD unity/unity.o
LOAD src/ASF/common/services/clock/sam3x/sysclk.o
LOAD src/ASF/common/utils/interrupt/interrupt_sam_nvic.o
LOAD src/ASF/sam/boards/arduino_due_x/init.o
LOAD src/ASF/sam/drivers/pio/pio.o
LOAD src/ASF/sam/drivers/pio/pio_handler.o
LOAD src/ASF/sam/drivers/pmc/pmc.o
LOAD src/ASF/sam/drivers/pmc/sleep.o
LOAD src/ASF/sam/utils/cmsis/sam3x/source/templates/exceptions.o
LOAD src/ASF/sam/utils/cmsis/sam3x/source/templates/gcc/startup_sam3x.o
LOAD src/ASF/sam/utils/cmsis/sam3x/source/templates/system_sam3x.o
LOAD src/ASF/sam/utils/syscalls/gcc/syscalls.o
START GROUP
LOAD ../src/ASF/thirdparty/CMSIS/Lib/GCC\libarm_cortexM3l_math.a
LOAD c:/program files/atmel/atmel toolchain/arm gcc/native/4.8.1443/arm-gnu-toolchain/bin/../lib/gcc/arm-none-eabi/4.8.4/../../../../arm-none-eabi/lib/armv7-m\libm.a
END GROUP
START GROUP
LOAD c:/program files/atmel/atmel toolchain/arm gcc/native/4.8.1443/arm-gnu-toolchain/bin/../lib/gcc/arm-none-eabi/4.8.4/armv7-m\libgcc.a
LOAD c:/program files/atmel/atmel toolchain/arm gcc/native/4.8.1443/arm-gnu-toolchain/bin/../lib/gcc/arm-none-eabi/4.8.4/../../../../arm-none-eabi/lib/armv7-m\libc.a
END GROUP
LOAD c:/program files/atmel/atmel toolchain/arm gcc/native/4.8.1443/arm-gnu-toolchain/bin/../lib/gcc/arm-none-eabi/4.8.4/armv7-m/crtend.o
LOAD c:/program files/atmel/atmel toolchain/arm gcc/native/4.8.1443/arm-gnu-toolchain/bin/../lib/gcc/arm-none-eabi/4.8.4/armv7-m/crtn.o
                0x00002000                __stack_size__ = DEFINED (__stack_size__)?__stack_size__:0x2000
                0x20087ffc                __ram_end__ = ((ORIGIN (ram) + 0x18000) - 0x4)

.text           0x00080000     0x5910
                0x00080000                . = ALIGN (0x4)
                0x00080000                _sfixed = .
 *(.vectors .vectors.*)
 .vectors       0x00080000       0xf4 src/ASF/sam/utils/cmsis/sam3x/source/templates/gcc/startup_sam3x.o
                0x00080000                exception_table
 *(.text .text.* .gnu.linkonce.t.*)
 .text          0x000800f4       0x54 c:/program files/atmel/atmel toolchain/arm gcc/native/4.8.1443/arm-gnu-toolchain/bin/../lib/gcc/arm-none-eabi/4.8.4/armv7-m/crtbegin.o
 .text.analogInit
                0x00080148       0x10 src/adcFunctions.o
                0x00080148                analogInit
 .text.analogRead
                0x00080158        0x4 src/adcFunctions.o
                0x00080158                analogRead
 .text.usart_serial_read_packet
                0x0008015c       0xc4 src/ASF/common/services/serial/usart_serial.o
                0x0008015c                usart_serial_read_packet
 .text._read    0x00080220       0x40 src/ASF/common/utils/stdio/read.o
                0x00080220                _read
 .text._write   0x00080260       0x54 src/ASF/common/utils/stdio/write.o
                0x00080260                _write
 .text.tc_init  0x000802b4       0x1c src/ASF/sam/drivers/tc/tc.o
                0x000802b4                tc_init
 .text.tc_set_block_mode
                0x000802d0        0x8 src/ASF/sam/drivers/tc/tc.o
                0x000802d0                tc_set_block_mode
 .text.tc_start
                0x000802d8        0x8 src/ASF/sam/drivers/tc/tc.o
                0x000802d8                tc_start
 .text.tc_stop  0x000802e0        0x8 src/ASF/sam/drivers/tc/tc.o
                0x000802e0                tc_stop
 .text.tc_read_cv
                0x000802e8        0x8 src/ASF/sam/drivers/tc/tc.o
                0x000802e8                tc_read_cv
 .text.uart_init
                0x000802f0       0x38 src/ASF/sam/drivers/uart/uart.o
                0x000802f0                uart_init
 .text.uart_write
                0x00080328       0x10 src/ASF/sam/drivers/uart/uart.o
                0x00080328                uart_write
 .text.uart_read
                0x00080338       0x14 src/ASF/sam/drivers/uart/uart.o
                0x00080338                uart_read
 .text.usart_write
                0x0008034c       0x14 src/ASF/sam/drivers/usart/usart.o
                0x0008034c                usart_write
 .text.usart_read
                0x00080360       0x18 src/ASF/sam/drivers/usart/usart.o
                0x00080360                usart_read
 .text.USART0_Handler
                0x00080378       0x60 src/ASF/thirdparty/wireless/addons/sio2host/uart/sio2host.o
                0x00080378                USART0_Handler
 .text.readLCDbutton
                0x000803d8        0x4 src/buttons.o
                0x000803d8                readLCDbutton
 .text.usart_serial_getchar
                0x000803dc       0xa8 src/ConsoleFunctions.o
 .text.usart_serial_putchar
                0x00080484       0xa8 src/ConsoleFunctions.o
 .text.configureConsole
                0x0008052c       0x94 src/ConsoleFunctions.o
                0x0008052c                configureConsole
 .text.delayInit
                0x000805c0       0x3c src/DelayFunctions.o
                0x000805c0                delayInit
 .text.delayMicroseconds
                0x000805fc       0x3c src/DelayFunctions.o
                0x000805fc                delayMicroseconds
 .text.lcdWrite4DigitNumber
                0x00080638        0x4 src/lcdApplication.o
                0x00080638                lcdWrite4DigitNumber
 .text.lcdWriteAsciiString
                0x0008063c        0x4 src/lcdApplication.o
                0x0008063c                lcdWriteAsciiString
 .text.lcdWriteButtonValue
                0x00080640        0x4 src/lcdApplication.o
                0x00080640                lcdWriteButtonValue
 .text.lcdWrite
                0x00080644       0x90 src/LCDFunctions.o
                0x00080644                lcdWrite
 .text.lcdInit  0x000806d4       0xe4 src/LCDFunctions.o
                0x000806d4                lcdInit
 .text.lcdClearDisplay
                0x000807b8        0x4 src/LCDFunctions.o
                0x000807b8                lcdClearDisplay
 .text.main     0x000807bc      0x114 test/main.o
                0x000807bc                main
 .text.setUp    0x000808d0        0x4 test/main.o
                0x000808d0                setUp
 .text.tearDown
                0x000808d4        0x4 test/main.o
                0x000808d4                tearDown
 .text.test_ADConverterInitialisesProperly
                0x000808d8       0x4c test/test_adcFunctions.o
                0x000808d8                test_ADConverterInitialisesProperly
 .text.test_ADConverterReadsValueWithNoButtonPressed
                0x00080924       0x2c test/test_adcFunctions.o
                0x00080924                test_ADConverterReadsValueWithNoButtonPressed
 .text.test_noButtonIsPressed
                0x00080950       0x20 test/test_buttons.o
                0x00080950                test_noButtonIsPressed
 .text.test_delayTimerIsInitialisedProperly
                0x00080970       0x2c test/test_delayFunctions.o
                0x00080970                test_delayTimerIsInitialisedProperly
 .text.test_delayCountsProperly
                0x0008099c       0x7c test/test_delayFunctions.o
                0x0008099c                test_delayCountsProperly
 .text.test_writing4DigitNumberOnTheLCDDisplay
                0x00080a18       0x70 test/test_lcdApplication.o
                0x00080a18                test_writing4DigitNumberOnTheLCDDisplay
 .text.test_writingAsciiStringOnTheLCDDisplay
                0x00080a88       0x74 test/test_lcdApplication.o
                0x00080a88                test_writingAsciiStringOnTheLCDDisplay
 .text.test_writingButtonOnTheLCDDisplay
                0x00080afc       0x70 test/test_lcdApplication.o
                0x00080afc                test_writingButtonOnTheLCDDisplay
 .text.test_initialisatinOfTheLCD
                0x00080b6c       0x60 test/test_lcdFunctions.o
                0x00080b6c                test_initialisatinOfTheLCD
 .text.test_writingCharactersToTheLCD
                0x00080bcc      0x394 test/test_lcdFunctions.o
                0x00080bcc                test_writingCharactersToTheLCD
 .text.test_clearingTheLCDDisplay
                0x00080f60       0x60 test/test_lcdFunctions.o
                0x00080f60                test_clearingTheLCDDisplay
 .text.UnityPrintNumber
                0x00080fc0      0x19c unity/unity.o
                0x00080fc0                UnityPrintNumber
 .text.UnityPrintNumberUnsigned
                0x0008115c       0xc8 unity/unity.o
                0x0008115c                UnityPrintNumberUnsigned
 .text.UnityPrintNumberHex
                0x00081224      0x18c unity/unity.o
                0x00081224                UnityPrintNumberHex
 .text.UnityPrint
                0x000813b0      0x22c unity/unity.o
                0x000813b0                UnityPrint
 .text.UnityTestResultsBegin
                0x000815dc      0x134 unity/unity.o
 .text.UnityTestResultsFailBegin
                0x00081710       0x84 unity/unity.o
 .text.UnityAddMsgIfSpecified
                0x00081794       0x1c unity/unity.o
 .text.UnityPrintNumberByStyle
                0x000817b0       0x44 unity/unity.o
                0x000817b0                UnityPrintNumberByStyle
 .text.UnityPrintMask
                0x000817f4      0x124 unity/unity.o
                0x000817f4                UnityPrintMask
 .text.UnityPrintFail
                0x00081918       0x14 unity/unity.o
                0x00081918                UnityPrintFail
 .text.UnityPrintOk
                0x0008192c       0x14 unity/unity.o
                0x0008192c                UnityPrintOk
 .text.UnityConcludeTest
                0x00081940       0xac unity/unity.o
                0x00081940                UnityConcludeTest
 .text.UnityAssertBits
                0x000819ec       0x78 unity/unity.o
                0x000819ec                UnityAssertBits
 .text.UnityAssertNumbersWithin
                0x00081a64       0xcc unity/unity.o
                0x00081a64                UnityAssertNumbersWithin
 .text.UnityFail
                0x00081b30      0x10c unity/unity.o
                0x00081b30                UnityFail
 .text.UnityDefaultTestRun
                0x00081c3c       0x58 unity/unity.o
                0x00081c3c                UnityDefaultTestRun
 .text.UnityBegin
                0x00081c94       0x1c unity/unity.o
                0x00081c94                UnityBegin
 .text.UnityEnd
                0x00081cb0      0x1c8 unity/unity.o
                0x00081cb0                UnityEnd
 .text.sysclk_init
                0x00081e78       0x64 src/ASF/common/services/clock/sam3x/sysclk.o
                0x00081e78                sysclk_init
 .text.board_init
                0x00081edc       0x70 src/ASF/sam/boards/arduino_due_x/init.o
                0x00081edc                board_init
 .text.pio_set_peripheral
                0x00081f4c       0x40 src/ASF/sam/drivers/pio/pio.o
                0x00081f4c                pio_set_peripheral
 .text.pio_set_input
                0x00081f8c       0x34 src/ASF/sam/drivers/pio/pio.o
                0x00081f8c                pio_set_input
 .text.pio_set_output
                0x00081fc0       0x28 src/ASF/sam/drivers/pio/pio.o
                0x00081fc0                pio_set_output
 .text.pio_get_interrupt_status
                0x00081fe8        0x4 src/ASF/sam/drivers/pio/pio.o
                0x00081fe8                pio_get_interrupt_status
 .text.pio_get_interrupt_mask
                0x00081fec        0x4 src/ASF/sam/drivers/pio/pio.o
                0x00081fec                pio_get_interrupt_mask
 .text.pio_configure_pin
                0x00081ff0       0xd4 src/ASF/sam/drivers/pio/pio.o
                0x00081ff0                pio_configure_pin
 .text.pio_configure_pin_group
                0x000820c4       0xa0 src/ASF/sam/drivers/pio/pio.o
                0x000820c4                pio_configure_pin_group
 .text.pio_handler_process
                0x00082164       0x58 src/ASF/sam/drivers/pio/pio_handler.o
                0x00082164                pio_handler_process
 .text.PIOA_Handler
                0x000821bc       0x14 src/ASF/sam/drivers/pio/pio_handler.o
                0x000821bc                PIOA_Handler
 .text.PIOB_Handler
                0x000821d0       0x14 src/ASF/sam/drivers/pio/pio_handler.o
                0x000821d0                PIOB_Handler
 .text.PIOC_Handler
                0x000821e4       0x14 src/ASF/sam/drivers/pio/pio_handler.o
                0x000821e4                PIOC_Handler
 .text.PIOD_Handler
                0x000821f8       0x14 src/ASF/sam/drivers/pio/pio_handler.o
                0x000821f8                PIOD_Handler
 .text.pmc_switch_mck_to_pllack
                0x0008220c       0x64 src/ASF/sam/drivers/pmc/pmc.o
                0x0008220c                pmc_switch_mck_to_pllack
 .text.pmc_switch_mainck_to_xtal
                0x00082270       0x54 src/ASF/sam/drivers/pmc/pmc.o
                0x00082270                pmc_switch_mainck_to_xtal
 .text.pmc_osc_is_ready_mainck
                0x000822c4       0x10 src/ASF/sam/drivers/pmc/pmc.o
                0x000822c4                pmc_osc_is_ready_mainck
 .text.pmc_disable_pllack
                0x000822d4       0x10 src/ASF/sam/drivers/pmc/pmc.o
                0x000822d4                pmc_disable_pllack
 .text.pmc_is_locked_pllack
                0x000822e4       0x10 src/ASF/sam/drivers/pmc/pmc.o
                0x000822e4                pmc_is_locked_pllack
 .text.pmc_enable_periph_clk
                0x000822f4       0x58 src/ASF/sam/drivers/pmc/pmc.o
                0x000822f4                pmc_enable_periph_clk
 .text.Dummy_Handler
                0x0008234c        0x4 src/ASF/sam/utils/cmsis/sam3x/source/templates/exceptions.o
                0x0008234c                DACC_Handler
                0x0008234c                DebugMon_Handler
                0x0008234c                DMAC_Handler
                0x0008234c                TRNG_Handler
                0x0008234c                HardFault_Handler
                0x0008234c                TC2_Handler
                0x0008234c                SysTick_Handler
                0x0008234c                USART3_Handler
                0x0008234c                TWI1_Handler
                0x0008234c                PendSV_Handler
                0x0008234c                NMI_Handler
                0x0008234c                TC7_Handler
                0x0008234c                ADC_Handler
                0x0008234c                SMC_Handler
                0x0008234c                RTT_Handler
                0x0008234c                EFC1_Handler
                0x0008234c                RTC_Handler
                0x0008234c                UsageFault_Handler
                0x0008234c                TC6_Handler
                0x0008234c                WDT_Handler
                0x0008234c                CAN0_Handler
                0x0008234c                TC4_Handler
                0x0008234c                TC1_Handler
                0x0008234c                HSMCI_Handler
                0x0008234c                TC3_Handler
                0x0008234c                Dummy_Handler
                0x0008234c                TWI0_Handler
                0x0008234c                USART1_Handler
                0x0008234c                SSC_Handler
                0x0008234c                EFC0_Handler
                0x0008234c                PMC_Handler
                0x0008234c                PWM_Handler
                0x0008234c                CAN1_Handler
                0x0008234c                MemManage_Handler
                0x0008234c                SUPC_Handler
                0x0008234c                SVC_Handler
                0x0008234c                TC8_Handler
                0x0008234c                USART2_Handler
                0x0008234c                EMAC_Handler
                0x0008234c                UART_Handler
                0x0008234c                BusFault_Handler
                0x0008234c                RSTC_Handler
                0x0008234c                TC0_Handler
                0x0008234c                TC5_Handler
                0x0008234c                UOTGHS_Handler
                0x0008234c                SPI0_Handler
 .text.Reset_Handler
                0x00082350       0xb0 src/ASF/sam/utils/cmsis/sam3x/source/templates/gcc/startup_sam3x.o
                0x00082350                Reset_Handler
 .text.SystemCoreClockUpdate
                0x00082400      0x11c src/ASF/sam/utils/cmsis/sam3x/source/templates/system_sam3x.o
                0x00082400                SystemCoreClockUpdate
 .text._sbrk    0x0008251c       0x34 src/ASF/sam/utils/syscalls/gcc/syscalls.o
                0x0008251c                _sbrk
 .text._close   0x00082550        0x8 src/ASF/sam/utils/syscalls/gcc/syscalls.o
                0x00082550                _close
 .text._fstat   0x00082558        0xc src/ASF/sam/utils/syscalls/gcc/syscalls.o
                0x00082558                _fstat
 .text._isatty  0x00082564        0x4 src/ASF/sam/utils/syscalls/gcc/syscalls.o
                0x00082564                _isatty
 .text._lseek   0x00082568        0x4 src/ASF/sam/utils/syscalls/gcc/syscalls.o
                0x00082568                _lseek
 .text.__libc_init_array
                0x0008256c       0x50 c:/program files/atmel/atmel toolchain/arm gcc/native/4.8.1443/arm-gnu-toolchain/bin/../lib/gcc/arm-none-eabi/4.8.4/../../../../arm-none-eabi/lib/armv7-m\libc.a(lib_a-init.o)
                0x0008256c                __libc_init_array
 .text.iprintf  0x000825bc       0x28 c:/program files/atmel/atmel toolchain/arm gcc/native/4.8.1443/arm-gnu-toolchain/bin/../lib/gcc/arm-none-eabi/4.8.4/../../../../arm-none-eabi/lib/armv7-m\libc.a(lib_a-iprintf.o)
                0x000825bc                iprintf
 .text.memset   0x000825e4       0x94 c:/program files/atmel/atmel toolchain/arm gcc/native/4.8.1443/arm-gnu-toolchain/bin/../lib/gcc/arm-none-eabi/4.8.4/../../../../arm-none-eabi/lib/armv7-m\libc.a(lib_a-memset.o)
                0x000825e4                memset
 .text.setbuf   0x00082678       0x10 c:/program files/atmel/atmel toolchain/arm gcc/native/4.8.1443/arm-gnu-toolchain/bin/../lib/gcc/arm-none-eabi/4.8.4/../../../../arm-none-eabi/lib/armv7-m\libc.a(lib_a-setbuf.o)
                0x00082678                setbuf
 .text          0x00082688       0x1c c:/program files/atmel/atmel toolchain/arm gcc/native/4.8.1443/arm-gnu-toolchain/bin/../lib/gcc/arm-none-eabi/4.8.4/../../../../arm-none-eabi/lib/armv7-m\libc.a(lib_a-setjmp.o)
                0x00082688                setjmp
                0x00082694                longjmp
 .text.setvbuf  0x000826a4      0x100 c:/program files/atmel/atmel toolchain/arm gcc/native/4.8.1443/arm-gnu-toolchain/bin/../lib/gcc/arm-none-eabi/4.8.4/../../../../arm-none-eabi/lib/armv7-m\libc.a(lib_a-setvbuf.o)
                0x000826a4                setvbuf
 .text.strlen   0x000827a4       0x60 c:/program files/atmel/atmel toolchain/arm gcc/native/4.8.1443/arm-gnu-toolchain/bin/../lib/gcc/arm-none-eabi/4.8.4/../../../../arm-none-eabi/lib/armv7-m\libc.a(lib_a-strlen.o)
                0x000827a4                strlen
 .text.__sprint_r.part.0
                0x00082804       0x78 c:/program files/atmel/atmel toolchain/arm gcc/native/4.8.1443/arm-gnu-toolchain/bin/../lib/gcc/arm-none-eabi/4.8.4/../../../../arm-none-eabi/lib/armv7-m\libc.a(lib_a-vfiprintf.o)
 .text._vfiprintf_r
                0x0008287c      0xc54 c:/program files/atmel/atmel toolchain/arm gcc/native/4.8.1443/arm-gnu-toolchain/bin/../lib/gcc/arm-none-eabi/4.8.4/../../../../arm-none-eabi/lib/armv7-m\libc.a(lib_a-vfiprintf.o)
                0x0008287c                _vfiprintf_r
 .text.__sbprintf
                0x000834d0       0x7c c:/program files/atmel/atmel toolchain/arm gcc/native/4.8.1443/arm-gnu-toolchain/bin/../lib/gcc/arm-none-eabi/4.8.4/../../../../arm-none-eabi/lib/armv7-m\libc.a(lib_a-vfiprintf.o)
 .text.__swbuf_r
                0x0008354c       0xa8 c:/program files/atmel/atmel toolchain/arm gcc/native/4.8.1443/arm-gnu-toolchain/bin/../lib/gcc/arm-none-eabi/4.8.4/../../../../arm-none-eabi/lib/armv7-m\libc.a(lib_a-wbuf.o)
                0x0008354c                __swbuf_r
 .text.__swsetup_r
                0x000835f4       0xc4 c:/program files/atmel/atmel toolchain/arm gcc/native/4.8.1443/arm-gnu-toolchain/bin/../lib/gcc/arm-none-eabi/4.8.4/../../../../arm-none-eabi/lib/armv7-m\libc.a(lib_a-wsetup.o)
                0x000835f4                __swsetup_r
 .text.startup.register_fini
                0x000836b8       0x14 c:/program files/atmel/atmel toolchain/arm gcc/native/4.8.1443/arm-gnu-toolchain/bin/../lib/gcc/arm-none-eabi/4.8.4/../../../../arm-none-eabi/lib/armv7-m\libc.a(lib_a-__call_atexit.o)
 .text.atexit   0x000836cc        0xc c:/program files/atmel/atmel toolchain/arm gcc/native/4.8.1443/arm-gnu-toolchain/bin/../lib/gcc/arm-none-eabi/4.8.4/../../../../arm-none-eabi/lib/armv7-m\libc.a(lib_a-atexit.o)
                0x000836cc                atexit
 .text.__sflush_r
                0x000836d8      0x148 c:/program files/atmel/atmel toolchain/arm gcc/native/4.8.1443/arm-gnu-toolchain/bin/../lib/gcc/arm-none-eabi/4.8.4/../../../../arm-none-eabi/lib/armv7-m\libc.a(lib_a-fflush.o)
                0x000836d8                __sflush_r
 .text._fflush_r
                0x00083820       0x2c c:/program files/atmel/atmel toolchain/arm gcc/native/4.8.1443/arm-gnu-toolchain/bin/../lib/gcc/arm-none-eabi/4.8.4/../../../../arm-none-eabi/lib/armv7-m\libc.a(lib_a-fflush.o)
                0x00083820                _fflush_r
 .text._cleanup_r
                0x0008384c        0xc c:/program files/atmel/atmel toolchain/arm gcc/native/4.8.1443/arm-gnu-toolchain/bin/../lib/gcc/arm-none-eabi/4.8.4/../../../../arm-none-eabi/lib/armv7-m\libc.a(lib_a-findfp.o)
                0x0008384c                _cleanup_r
 .text.__sinit  0x00083858       0xf4 c:/program files/atmel/atmel toolchain/arm gcc/native/4.8.1443/arm-gnu-toolchain/bin/../lib/gcc/arm-none-eabi/4.8.4/../../../../arm-none-eabi/lib/armv7-m\libc.a(lib_a-findfp.o)
                0x00083858                __sinit
 .text.__sfp_lock_acquire
                0x0008394c        0x4 c:/program files/atmel/atmel toolchain/arm gcc/native/4.8.1443/arm-gnu-toolchain/bin/../lib/gcc/arm-none-eabi/4.8.4/../../../../arm-none-eabi/lib/armv7-m\libc.a(lib_a-findfp.o)
                0x0008394c                __sfp_lock_acquire
 .text.__sfp_lock_release
                0x00083950        0x4 c:/program files/atmel/atmel toolchain/arm gcc/native/4.8.1443/arm-gnu-toolchain/bin/../lib/gcc/arm-none-eabi/4.8.4/../../../../arm-none-eabi/lib/armv7-m\libc.a(lib_a-findfp.o)
                0x00083950                __sfp_lock_release
 .text.__libc_fini_array
                0x00083954       0x30 c:/program files/atmel/atmel toolchain/arm gcc/native/4.8.1443/arm-gnu-toolchain/bin/../lib/gcc/arm-none-eabi/4.8.4/../../../../arm-none-eabi/lib/armv7-m\libc.a(lib_a-fini.o)
                0x00083954                __libc_fini_array
 .text._fputwc_r
                0x00083984       0xc0 c:/program files/atmel/atmel toolchain/arm gcc/native/4.8.1443/arm-gnu-toolchain/bin/../lib/gcc/arm-none-eabi/4.8.4/../../../../arm-none-eabi/lib/armv7-m\libc.a(lib_a-fputwc.o)
                0x00083984                _fputwc_r
 .text._malloc_trim_r
                0x00083a44       0x9c c:/program files/atmel/atmel toolchain/arm gcc/native/4.8.1443/arm-gnu-toolchain/bin/../lib/gcc/arm-none-eabi/4.8.4/../../../../arm-none-eabi/lib/armv7-m\libc.a(lib_a-freer.o)
                0x00083a44                _malloc_trim_r
 .text._free_r  0x00083ae0      0x198 c:/program files/atmel/atmel toolchain/arm gcc/native/4.8.1443/arm-gnu-toolchain/bin/../lib/gcc/arm-none-eabi/4.8.4/../../../../arm-none-eabi/lib/armv7-m\libc.a(lib_a-freer.o)
                0x00083ae0                _free_r
 .text.__sfvwrite_r
                0x00083c78      0x318 c:/program files/atmel/atmel toolchain/arm gcc/native/4.8.1443/arm-gnu-toolchain/bin/../lib/gcc/arm-none-eabi/4.8.4/../../../../arm-none-eabi/lib/armv7-m\libc.a(lib_a-fvwrite.o)
                0x00083c78                __sfvwrite_r
 .text._fwalk   0x00083f90       0x48 c:/program files/atmel/atmel toolchain/arm gcc/native/4.8.1443/arm-gnu-toolchain/bin/../lib/gcc/arm-none-eabi/4.8.4/../../../../arm-none-eabi/lib/armv7-m\libc.a(lib_a-fwalk.o)
                0x00083f90                _fwalk
 .text.__locale_charset
                0x00083fd8        0x8 c:/program files/atmel/atmel toolchain/arm gcc/native/4.8.1443/arm-gnu-toolchain/bin/../lib/gcc/arm-none-eabi/4.8.4/../../../../arm-none-eabi/lib/armv7-m\libc.a(lib_a-locale.o)
                0x00083fd8                __locale_charset
 .text.__locale_mb_cur_max
                0x00083fe0        0xc c:/program files/atmel/atmel toolchain/arm gcc/native/4.8.1443/arm-gnu-toolchain/bin/../lib/gcc/arm-none-eabi/4.8.4/../../../../arm-none-eabi/lib/armv7-m\libc.a(lib_a-locale.o)
                0x00083fe0                __locale_mb_cur_max
 .text.__smakebuf_r
                0x00083fec       0xe0 c:/program files/atmel/atmel toolchain/arm gcc/native/4.8.1443/arm-gnu-toolchain/bin/../lib/gcc/arm-none-eabi/4.8.4/../../../../arm-none-eabi/lib/armv7-m\libc.a(lib_a-makebuf.o)
                0x00083fec                __smakebuf_r
 .text.malloc   0x000840cc       0x10 c:/program files/atmel/atmel toolchain/arm gcc/native/4.8.1443/arm-gnu-toolchain/bin/../lib/gcc/arm-none-eabi/4.8.4/../../../../arm-none-eabi/lib/armv7-m\libc.a(lib_a-malloc.o)
                0x000840cc                malloc
 .text._malloc_r
                0x000840dc      0x538 c:/program files/atmel/atmel toolchain/arm gcc/native/4.8.1443/arm-gnu-toolchain/bin/../lib/gcc/arm-none-eabi/4.8.4/../../../../arm-none-eabi/lib/armv7-m\libc.a(lib_a-mallocr.o)
                0x000840dc                _malloc_r
 .text.memchr   0x00084614       0x94 c:/program files/atmel/atmel toolchain/arm gcc/native/4.8.1443/arm-gnu-toolchain/bin/../lib/gcc/arm-none-eabi/4.8.4/../../../../arm-none-eabi/lib/armv7-m\libc.a(lib_a-memchr-stub.o)
                0x00084614                memchr
 .text          0x000846a8       0xec c:/program files/atmel/atmel toolchain/arm gcc/native/4.8.1443/arm-gnu-toolchain/bin/../lib/gcc/arm-none-eabi/4.8.4/../../../../arm-none-eabi/lib/armv7-m\libc.a(lib_a-memcpy.o)
                0x000846a8                memcpy
 .text.memmove  0x00084794       0xcc c:/program files/atmel/atmel toolchain/arm gcc/native/4.8.1443/arm-gnu-toolchain/bin/../lib/gcc/arm-none-eabi/4.8.4/../../../../arm-none-eabi/lib/armv7-m\libc.a(lib_a-memmove.o)
                0x00084794                memmove
 .text.__malloc_lock
                0x00084860        0x4 c:/program files/atmel/atmel toolchain/arm gcc/native/4.8.1443/arm-gnu-toolchain/bin/../lib/gcc/arm-none-eabi/4.8.4/../../../../arm-none-eabi/lib/armv7-m\libc.a(lib_a-mlock.o)
                0x00084860                __malloc_lock
 .text.__malloc_unlock
                0x00084864        0x4 c:/program files/atmel/atmel toolchain/arm gcc/native/4.8.1443/arm-gnu-toolchain/bin/../lib/gcc/arm-none-eabi/4.8.4/../../../../arm-none-eabi/lib/armv7-m\libc.a(lib_a-mlock.o)
                0x00084864                __malloc_unlock
 .text._realloc_r
                0x00084868      0x3c0 c:/program files/atmel/atmel toolchain/arm gcc/native/4.8.1443/arm-gnu-toolchain/bin/../lib/gcc/arm-none-eabi/4.8.4/../../../../arm-none-eabi/lib/armv7-m\libc.a(lib_a-reallocr.o)
                0x00084868                _realloc_r
 .text._sbrk_r  0x00084c28       0x24 c:/program files/atmel/atmel toolchain/arm gcc/native/4.8.1443/arm-gnu-toolchain/bin/../lib/gcc/arm-none-eabi/4.8.4/../../../../arm-none-eabi/lib/armv7-m\libc.a(lib_a-sbrkr.o)
                0x00084c28                _sbrk_r
 .text.__sread  0x00084c4c       0x24 c:/program files/atmel/atmel toolchain/arm gcc/native/4.8.1443/arm-gnu-toolchain/bin/../lib/gcc/arm-none-eabi/4.8.4/../../../../arm-none-eabi/lib/armv7-m\libc.a(lib_a-stdio.o)
                0x00084c4c                __sread
 .text.__swrite
                0x00084c70       0x38 c:/program files/atmel/atmel toolchain/arm gcc/native/4.8.1443/arm-gnu-toolchain/bin/../lib/gcc/arm-none-eabi/4.8.4/../../../../arm-none-eabi/lib/armv7-m\libc.a(lib_a-stdio.o)
                0x00084c70                __swrite
 .text.__sseek  0x00084ca8       0x20 c:/program files/atmel/atmel toolchain/arm gcc/native/4.8.1443/arm-gnu-toolchain/bin/../lib/gcc/arm-none-eabi/4.8.4/../../../../arm-none-eabi/lib/armv7-m\libc.a(lib_a-stdio.o)
                0x00084ca8                __sseek
 .text.__sclose
                0x00084cc8        0x8 c:/program files/atmel/atmel toolchain/arm gcc/native/4.8.1443/arm-gnu-toolchain/bin/../lib/gcc/arm-none-eabi/4.8.4/../../../../arm-none-eabi/lib/armv7-m\libc.a(lib_a-stdio.o)
                0x00084cc8                __sclose
 .text._wcrtomb_r
                0x00084cd0       0x50 c:/program files/atmel/atmel toolchain/arm gcc/native/4.8.1443/arm-gnu-toolchain/bin/../lib/gcc/arm-none-eabi/4.8.4/../../../../arm-none-eabi/lib/armv7-m\libc.a(lib_a-wcrtomb.o)
                0x00084cd0                _wcrtomb_r
 .text.__ascii_wctomb
                0x00084d20       0x1c c:/program files/atmel/atmel toolchain/arm gcc/native/4.8.1443/arm-gnu-toolchain/bin/../lib/gcc/arm-none-eabi/4.8.4/../../../../arm-none-eabi/lib/armv7-m\libc.a(lib_a-wctomb_r.o)
                0x00084d20                __ascii_wctomb
 .text._write_r
                0x00084d3c       0x28 c:/program files/atmel/atmel toolchain/arm gcc/native/4.8.1443/arm-gnu-toolchain/bin/../lib/gcc/arm-none-eabi/4.8.4/../../../../arm-none-eabi/lib/armv7-m\libc.a(lib_a-writer.o)
                0x00084d3c                _write_r
 .text.__register_exitproc
                0x00084d64       0xa8 c:/program files/atmel/atmel toolchain/arm gcc/native/4.8.1443/arm-gnu-toolchain/bin/../lib/gcc/arm-none-eabi/4.8.4/../../../../arm-none-eabi/lib/armv7-m\libc.a(lib_a-__atexit.o)
                0x00084d64                __register_exitproc
 .text._close_r
                0x00084e0c       0x24 c:/program files/atmel/atmel toolchain/arm gcc/native/4.8.1443/arm-gnu-toolchain/bin/../lib/gcc/arm-none-eabi/4.8.4/../../../../arm-none-eabi/lib/armv7-m\libc.a(lib_a-closer.o)
                0x00084e0c                _close_r
 .text._fclose_r
                0x00084e30       0x80 c:/program files/atmel/atmel toolchain/arm gcc/native/4.8.1443/arm-gnu-toolchain/bin/../lib/gcc/arm-none-eabi/4.8.4/../../../../arm-none-eabi/lib/armv7-m\libc.a(lib_a-fclose.o)
                0x00084e30                _fclose_r
 .text.fclose   0x00084eb0       0x10 c:/program files/atmel/atmel toolchain/arm gcc/native/4.8.1443/arm-gnu-toolchain/bin/../lib/gcc/arm-none-eabi/4.8.4/../../../../arm-none-eabi/lib/armv7-m\libc.a(lib_a-fclose.o)
                0x00084eb0                fclose
 .text._fstat_r
                0x00084ec0       0x28 c:/program files/atmel/atmel toolchain/arm gcc/native/4.8.1443/arm-gnu-toolchain/bin/../lib/gcc/arm-none-eabi/4.8.4/../../../../arm-none-eabi/lib/armv7-m\libc.a(lib_a-fstatr.o)
                0x00084ec0                _fstat_r
 .text._isatty_r
                0x00084ee8       0x24 c:/program files/atmel/atmel toolchain/arm gcc/native/4.8.1443/arm-gnu-toolchain/bin/../lib/gcc/arm-none-eabi/4.8.4/../../../../arm-none-eabi/lib/armv7-m\libc.a(lib_a-isattyr.o)
                0x00084ee8                _isatty_r
 .text._lseek_r
                0x00084f0c       0x28 c:/program files/atmel/atmel toolchain/arm gcc/native/4.8.1443/arm-gnu-toolchain/bin/../lib/gcc/arm-none-eabi/4.8.4/../../../../arm-none-eabi/lib/armv7-m\libc.a(lib_a-lseekr.o)
                0x00084f0c                _lseek_r
 .text._read_r  0x00084f34       0x28 c:/program files/atmel/atmel toolchain/arm gcc/native/4.8.1443/arm-gnu-toolchain/bin/../lib/gcc/arm-none-eabi/4.8.4/../../../../arm-none-eabi/lib/armv7-m\libc.a(lib_a-readr.o)
                0x00084f34                _read_r
 .text          0x00084f5c       0x2c c:/program files/atmel/atmel toolchain/arm gcc/native/4.8.1443/arm-gnu-toolchain/bin/../lib/gcc/arm-none-eabi/4.8.4/armv7-m\libgcc.a(_aeabi_uldivmod.o)
                0x00084f5c                __aeabi_uldivmod
 .text          0x00084f88       0x60 c:/program files/atmel/atmel toolchain/arm gcc/native/4.8.1443/arm-gnu-toolchain/bin/../lib/gcc/arm-none-eabi/4.8.4/armv7-m\libgcc.a(bpabi.o)
                0x00084f88                __gnu_ldivmod_helper
                0x00084fb8                __gnu_uldivmod_helper
 .text          0x00084fe8        0x4 c:/program files/atmel/atmel toolchain/arm gcc/native/4.8.1443/arm-gnu-toolchain/bin/../lib/gcc/arm-none-eabi/4.8.4/armv7-m\libgcc.a(_dvmd_tls.o)
                0x00084fe8                __aeabi_idiv0
                0x00084fe8                __aeabi_ldiv0
 .text          0x00084fec      0x2a0 c:/program files/atmel/atmel toolchain/arm gcc/native/4.8.1443/arm-gnu-toolchain/bin/../lib/gcc/arm-none-eabi/4.8.4/armv7-m\libgcc.a(_divdi3.o)
                0x00084fec                __divdi3
 .text          0x0008528c      0x290 c:/program files/atmel/atmel toolchain/arm gcc/native/4.8.1443/arm-gnu-toolchain/bin/../lib/gcc/arm-none-eabi/4.8.4/armv7-m\libgcc.a(_udivdi3.o)
                0x0008528c                __udivdi3
 *(.glue_7t)
 .glue_7t       0x00000000        0x0 linker stubs
 *(.glue_7)
 .glue_7        0x00000000        0x0 linker stubs
 *(.rodata .rodata* .gnu.linkonce.r.*)
 .rodata.str1.4
                0x0008551c       0x1f src/ConsoleFunctions.o
                                 0x20 (size before relaxing)
 *fill*         0x0008553b        0x1 
 .rodata        0x0008553c       0x10 src/LCDFunctions.o
 .rodata.str1.4
                0x0008554c      0x20a test/main.o
                                0x20c (size before relaxing)
 *fill*         0x00085756        0x2 
 .rodata.str1.4
                0x00085758       0x4d test/test_adcFunctions.o
                                 0x50 (size before relaxing)
 *fill*         0x000857a5        0x3 
 .rodata.str1.4
                0x000857a8       0x19 test/test_buttons.o
                                 0x1c (size before relaxing)
 *fill*         0x000857c1        0x3 
 .rodata.str1.4
                0x000857c4       0x2d test/test_lcdApplication.o
                                 0x30 (size before relaxing)
 *fill*         0x000857f1        0x3 
 .rodata.p_PIOC_ODSR
                0x000857f4        0x4 test/test_lcdFunctions.o
                0x000857f4                p_PIOC_ODSR
 .rodata.str1.4
                0x00000000       0x1c test/test_lcdFunctions.o
 .rodata.UnitySizeMask
                0x000857f8       0x1c unity/unity.o
                0x000857f8                UnitySizeMask
 .rodata.UnityStrOk
                0x00085814        0x4 unity/unity.o
                0x00085814                UnityStrOk
 .rodata.UnityStrSpacer
                0x00085818        0x4 unity/unity.o
                0x00085818                UnityStrSpacer
 .rodata.UnityStrWas
                0x0008581c        0x8 unity/unity.o
                0x0008581c                UnityStrWas
 .rodata.UnityStrFail
                0x00085824        0x8 unity/unity.o
                0x00085824                UnityStrFail
 .rodata.UnityStrExpected
                0x0008582c        0xc unity/unity.o
                0x0008582c                UnityStrExpected
 .rodata.UnityStrBreaker
                0x00085838       0x18 unity/unity.o
                0x00085838                UnityStrBreaker
 .rodata.UnityStrResultsFailures
                0x00085850        0xc unity/unity.o
                0x00085850                UnityStrResultsFailures
 .rodata.UnityStrResultsIgnored
                0x0008585c        0xc unity/unity.o
                0x0008585c                UnityStrResultsIgnored
 .rodata.UnityStrResultsTests
                0x00085868        0x8 unity/unity.o
                0x00085868                UnityStrResultsTests
 .rodata.UnityStrPass
                0x00085870        0x8 unity/unity.o
                0x00085870                UnityStrPass
 .rodata.UnityStrDelta
                0x00085878       0x1c unity/unity.o
                0x00085878                UnityStrDelta
 .rodata.str1.4
                0x00085894        0x2 c:/program files/atmel/atmel toolchain/arm gcc/native/4.8.1443/arm-gnu-toolchain/bin/../lib/gcc/arm-none-eabi/4.8.4/../../../../arm-none-eabi/lib/armv7-m\libc.a(lib_a-impure.o)
                                  0x4 (size before relaxing)
 *fill*         0x00085896        0x2 
 .rodata._global_impure_ptr
                0x00085898        0x4 c:/program files/atmel/atmel toolchain/arm gcc/native/4.8.1443/arm-gnu-toolchain/bin/../lib/gcc/arm-none-eabi/4.8.4/../../../../arm-none-eabi/lib/armv7-m\libc.a(lib_a-impure.o)
                0x00085898                _global_impure_ptr
 .rodata.str1.4
                0x0008589c       0x30 c:/program files/atmel/atmel toolchain/arm gcc/native/4.8.1443/arm-gnu-toolchain/bin/../lib/gcc/arm-none-eabi/4.8.4/../../../../arm-none-eabi/lib/armv7-m\libc.a(lib_a-vfiprintf.o)
 .rodata.zeroes.6721
                0x000858cc       0x10 c:/program files/atmel/atmel toolchain/arm gcc/native/4.8.1443/arm-gnu-toolchain/bin/../lib/gcc/arm-none-eabi/4.8.4/../../../../arm-none-eabi/lib/armv7-m\libc.a(lib_a-vfiprintf.o)
 .rodata.blanks.6720
                0x000858dc       0x10 c:/program files/atmel/atmel toolchain/arm gcc/native/4.8.1443/arm-gnu-toolchain/bin/../lib/gcc/arm-none-eabi/4.8.4/../../../../arm-none-eabi/lib/armv7-m\libc.a(lib_a-vfiprintf.o)
 *(.ARM.extab* .gnu.linkonce.armextab.*)
                0x000858ec                . = ALIGN (0x4)
 *(.init)
 .init          0x000858ec        0x4 c:/program files/atmel/atmel toolchain/arm gcc/native/4.8.1443/arm-gnu-toolchain/bin/../lib/gcc/arm-none-eabi/4.8.4/armv7-m/crti.o
                0x000858ec                _init
 .init          0x000858f0        0x8 c:/program files/atmel/atmel toolchain/arm gcc/native/4.8.1443/arm-gnu-toolchain/bin/../lib/gcc/arm-none-eabi/4.8.4/armv7-m/crtn.o
                0x000858f8                . = ALIGN (0x4)
                0x000858f8                __preinit_array_start = .
 *(.preinit_array)
                0x000858f8                __preinit_array_end = .
                0x000858f8                . = ALIGN (0x4)
                0x000858f8                __init_array_start = .
 *(SORT(.init_array.*))
 .init_array.00000
                0x000858f8        0x4 c:/program files/atmel/atmel toolchain/arm gcc/native/4.8.1443/arm-gnu-toolchain/bin/../lib/gcc/arm-none-eabi/4.8.4/../../../../arm-none-eabi/lib/armv7-m\libc.a(lib_a-__call_atexit.o)
 *(.init_array)
 .init_array    0x000858fc        0x4 c:/program files/atmel/atmel toolchain/arm gcc/native/4.8.1443/arm-gnu-toolchain/bin/../lib/gcc/arm-none-eabi/4.8.4/armv7-m/crtbegin.o
                0x00085900                __init_array_end = .
                0x00085900                . = ALIGN (0x4)
 *crtbegin.o(.ctors)
 *(EXCLUDE_FILE(*crtend.o) .ctors)
 *(SORT(.ctors.*))
 *crtend.o(.ctors)
                0x00085900                . = ALIGN (0x4)
 *(.fini)
 .fini          0x00085900        0x4 c:/program files/atmel/atmel toolchain/arm gcc/native/4.8.1443/arm-gnu-toolchain/bin/../lib/gcc/arm-none-eabi/4.8.4/armv7-m/crti.o
                0x00085900                _fini
 .fini          0x00085904        0x8 c:/program files/atmel/atmel toolchain/arm gcc/native/4.8.1443/arm-gnu-toolchain/bin/../lib/gcc/arm-none-eabi/4.8.4/armv7-m/crtn.o
                0x0008590c                . = ALIGN (0x4)
                0x0008590c                __fini_array_start = .
 *(.fini_array)
 .fini_array    0x0008590c        0x4 c:/program files/atmel/atmel toolchain/arm gcc/native/4.8.1443/arm-gnu-toolchain/bin/../lib/gcc/arm-none-eabi/4.8.4/armv7-m/crtbegin.o
 *(SORT(.fini_array.*))
                0x00085910                __fini_array_end = .
 *crtbegin.o(.dtors)
 *(EXCLUDE_FILE(*crtend.o) .dtors)
 *(SORT(.dtors.*))
 *crtend.o(.dtors)
                0x00085910                . = ALIGN (0x4)
                0x00085910                _efixed = .
                0x00085910                PROVIDE (__exidx_start, .)

.vfp11_veneer   0x00085910        0x0
 .vfp11_veneer  0x00000000        0x0 linker stubs

.v4_bx          0x00085910        0x0
 .v4_bx         0x00000000        0x0 linker stubs

.iplt           0x00085910        0x0
 .iplt          0x00000000        0x0 c:/program files/atmel/atmel toolchain/arm gcc/native/4.8.1443/arm-gnu-toolchain/bin/../lib/gcc/arm-none-eabi/4.8.4/armv7-m/crtbegin.o

.ARM.exidx      0x00085910        0x8
 *(.ARM.exidx* .gnu.linkonce.armexidx.*)
 .ARM.exidx     0x00085910        0x8 c:/program files/atmel/atmel toolchain/arm gcc/native/4.8.1443/arm-gnu-toolchain/bin/../lib/gcc/arm-none-eabi/4.8.4/armv7-m\libgcc.a(_divdi3.o)
 .ARM.exidx     0x00085918        0x0 c:/program files/atmel/atmel toolchain/arm gcc/native/4.8.1443/arm-gnu-toolchain/bin/../lib/gcc/arm-none-eabi/4.8.4/armv7-m\libgcc.a(_udivdi3.o)
                                  0x8 (size before relaxing)
                0x00085918                PROVIDE (__exidx_end, .)

.eh_frame       0x00085918        0x0
 .eh_frame      0x00085918        0x0 c:/program files/atmel/atmel toolchain/arm gcc/native/4.8.1443/arm-gnu-toolchain/bin/../lib/gcc/arm-none-eabi/4.8.4/armv7-m/crtbegin.o

.rel.dyn        0x00085918        0x0
 .rel.iplt      0x00000000        0x0 c:/program files/atmel/atmel toolchain/arm gcc/native/4.8.1443/arm-gnu-toolchain/bin/../lib/gcc/arm-none-eabi/4.8.4/armv7-m/crtbegin.o

.jcr            0x00085918        0x0
 .jcr           0x00085918        0x0 c:/program files/atmel/atmel toolchain/arm gcc/native/4.8.1443/arm-gnu-toolchain/bin/../lib/gcc/arm-none-eabi/4.8.4/armv7-m/crtbegin.o

.igot.plt       0x00085918        0x0
 .igot.plt      0x00000000        0x0 c:/program files/atmel/atmel toolchain/arm gcc/native/4.8.1443/arm-gnu-toolchain/bin/../lib/gcc/arm-none-eabi/4.8.4/armv7-m/crtbegin.o
                0x00085918                . = ALIGN (0x4)
                0x00085918                _etext = .

.relocate       0x20070000      0x99c load address 0x00085918
                0x20070000                . = ALIGN (0x4)
                0x20070000                _srelocate = .
 *(.ramfunc .ramfunc.*)
 .ramfunc       0x20070000      0x12c src/ASF/sam/utils/cmsis/sam3x/source/templates/system_sam3x.o
                0x20070000                SystemInit
                0x200700a4                system_init_flash
 *(.data .data.*)
 .data.g_interrupt_enabled
                0x2007012c        0x1 src/ASF/common/utils/interrupt/interrupt_sam_nvic.o
                0x2007012c                g_interrupt_enabled
 *fill*         0x2007012d        0x3 
 .data.SystemCoreClock
                0x20070130        0x4 src/ASF/sam/utils/cmsis/sam3x/source/templates/system_sam3x.o
                0x20070130                SystemCoreClock
 *fill*         0x20070134        0x4 
 .data.impure_data
                0x20070138      0x428 c:/program files/atmel/atmel toolchain/arm gcc/native/4.8.1443/arm-gnu-toolchain/bin/../lib/gcc/arm-none-eabi/4.8.4/../../../../arm-none-eabi/lib/armv7-m\libc.a(lib_a-impure.o)
 .data._impure_ptr
                0x20070560        0x4 c:/program files/atmel/atmel toolchain/arm gcc/native/4.8.1443/arm-gnu-toolchain/bin/../lib/gcc/arm-none-eabi/4.8.4/../../../../arm-none-eabi/lib/armv7-m\libc.a(lib_a-impure.o)
                0x20070560                _impure_ptr
 .data.lc_ctype_charset
                0x20070564       0x20 c:/program files/atmel/atmel toolchain/arm gcc/native/4.8.1443/arm-gnu-toolchain/bin/../lib/gcc/arm-none-eabi/4.8.4/../../../../arm-none-eabi/lib/armv7-m\libc.a(lib_a-locale.o)
 .data.__mb_cur_max
                0x20070584        0x4 c:/program files/atmel/atmel toolchain/arm gcc/native/4.8.1443/arm-gnu-toolchain/bin/../lib/gcc/arm-none-eabi/4.8.4/../../../../arm-none-eabi/lib/armv7-m\libc.a(lib_a-locale.o)
                0x20070584                __mb_cur_max
 .data.__malloc_av_
                0x20070588      0x408 c:/program files/atmel/atmel toolchain/arm gcc/native/4.8.1443/arm-gnu-toolchain/bin/../lib/gcc/arm-none-eabi/4.8.4/../../../../arm-none-eabi/lib/armv7-m\libc.a(lib_a-mallocr.o)
                0x20070588                __malloc_av_
 .data.__malloc_trim_threshold
                0x20070990        0x4 c:/program files/atmel/atmel toolchain/arm gcc/native/4.8.1443/arm-gnu-toolchain/bin/../lib/gcc/arm-none-eabi/4.8.4/../../../../arm-none-eabi/lib/armv7-m\libc.a(lib_a-mallocr.o)
                0x20070990                __malloc_trim_threshold
 .data.__malloc_sbrk_base
                0x20070994        0x4 c:/program files/atmel/atmel toolchain/arm gcc/native/4.8.1443/arm-gnu-toolchain/bin/../lib/gcc/arm-none-eabi/4.8.4/../../../../arm-none-eabi/lib/armv7-m\libc.a(lib_a-mallocr.o)
                0x20070994                __malloc_sbrk_base
 .data.__wctomb
                0x20070998        0x4 c:/program files/atmel/atmel toolchain/arm gcc/native/4.8.1443/arm-gnu-toolchain/bin/../lib/gcc/arm-none-eabi/4.8.4/../../../../arm-none-eabi/lib/armv7-m\libc.a(lib_a-wctomb_r.o)
                0x20070998                __wctomb
                0x2007099c                . = ALIGN (0x4)
                0x2007099c                _erelocate = .

.bss            0x2007099c      0x1f0 load address 0x000862b4
                0x2007099c                . = ALIGN (0x4)
                0x2007099c                _sbss = .
                0x2007099c                _szero = .
 *(.bss .bss.*)
 .bss           0x2007099c       0x1c c:/program files/atmel/atmel toolchain/arm gcc/native/4.8.1443/arm-gnu-toolchain/bin/../lib/gcc/arm-none-eabi/4.8.4/armv7-m/crtbegin.o
 .bss.serial_rx_buf
                0x200709b8       0x9c src/ASF/thirdparty/wireless/addons/sio2host/uart/sio2host.o
 .bss.serial_rx_buf_tail
                0x20070a54        0x1 src/ASF/thirdparty/wireless/addons/sio2host/uart/sio2host.o
 *fill*         0x20070a55        0x3 
 .bss.gs_interrupt_sources
                0x20070a58       0x70 src/ASF/sam/drivers/pio/pio_handler.o
 .bss.heap.5098
                0x20070ac8        0x4 src/ASF/sam/utils/syscalls/gcc/syscalls.o
 .bss.__malloc_max_total_mem
                0x20070acc        0x4 c:/program files/atmel/atmel toolchain/arm gcc/native/4.8.1443/arm-gnu-toolchain/bin/../lib/gcc/arm-none-eabi/4.8.4/../../../../arm-none-eabi/lib/armv7-m\libc.a(lib_a-mallocr.o)
                0x20070acc                __malloc_max_total_mem
 .bss.__malloc_max_sbrked_mem
                0x20070ad0        0x4 c:/program files/atmel/atmel toolchain/arm gcc/native/4.8.1443/arm-gnu-toolchain/bin/../lib/gcc/arm-none-eabi/4.8.4/../../../../arm-none-eabi/lib/armv7-m\libc.a(lib_a-mallocr.o)
                0x20070ad0                __malloc_max_sbrked_mem
 .bss.__malloc_top_pad
                0x20070ad4        0x4 c:/program files/atmel/atmel toolchain/arm gcc/native/4.8.1443/arm-gnu-toolchain/bin/../lib/gcc/arm-none-eabi/4.8.4/../../../../arm-none-eabi/lib/armv7-m\libc.a(lib_a-mallocr.o)
                0x20070ad4                __malloc_top_pad
 .bss.__malloc_current_mallinfo
                0x20070ad8       0x28 c:/program files/atmel/atmel toolchain/arm gcc/native/4.8.1443/arm-gnu-toolchain/bin/../lib/gcc/arm-none-eabi/4.8.4/../../../../arm-none-eabi/lib/armv7-m\libc.a(lib_a-mallocr.o)
                0x20070ad8                __malloc_current_mallinfo
 *(COMMON)
 COMMON         0x20070b00        0x4 src/ASF/common/utils/stdio/read.o
                0x20070b00                ptr_get
 COMMON         0x20070b04        0x8 src/ASF/common/utils/stdio/write.o
                0x20070b04                ptr_put
                0x20070b08                stdio_base
 COMMON         0x20070b0c       0x7c unity/unity.o
                0x20070b0c                Unity
 COMMON         0x20070b88        0x4 c:/program files/atmel/atmel toolchain/arm gcc/native/4.8.1443/arm-gnu-toolchain/bin/../lib/gcc/arm-none-eabi/4.8.4/../../../../arm-none-eabi/lib/armv7-m\libc.a(lib_a-reent.o)
                0x20070b88                errno
                0x20070b8c                . = ALIGN (0x4)
                0x20070b8c                _ebss = .
                0x20070b8c                _ezero = .

.stack          0x20070b8c     0x2004 load address 0x000864a4
                0x20070b90                . = ALIGN (0x8)
 *fill*         0x20070b8c        0x4 
                0x20070b90                _sstack = .
                0x20072b90                . = (. + __stack_size__)
 *fill*         0x20070b90     0x2000 
                0x20072b90                . = ALIGN (0x8)
                0x20072b90                _estack = .
                0x20072b90                . = ALIGN (0x4)
                0x20072b90                _end = .
OUTPUT(ProjectShield.elf elf32-littlearm)

.ARM.attributes
                0x00000000       0x29
 .ARM.attributes
                0x00000000       0x1d c:/program files/atmel/atmel toolchain/arm gcc/native/4.8.1443/arm-gnu-toolchain/bin/../lib/gcc/arm-none-eabi/4.8.4/armv7-m/crti.o
 .ARM.attributes
                0x0000001d       0x2d c:/program files/atmel/atmel toolchain/arm gcc/native/4.8.1443/arm-gnu-toolchain/bin/../lib/gcc/arm-none-eabi/4.8.4/armv7-m/crtbegin.o
 .ARM.attributes
                0x0000004a       0x33 src/adcFunctions.o
 .ARM.attributes
                0x0000007d       0x33 src/ASF/common/services/serial/usart_serial.o
 .ARM.attributes
                0x000000b0       0x33 src/ASF/common/utils/stdio/read.o
 .ARM.attributes
                0x000000e3       0x33 src/ASF/common/utils/stdio/write.o
 .ARM.attributes
                0x00000116       0x33 src/ASF/sam/drivers/tc/tc.o
 .ARM.attributes
                0x00000149       0x33 src/ASF/sam/drivers/uart/uart.o
 .ARM.attributes
                0x0000017c       0x33 src/ASF/sam/drivers/usart/usart.o
 .ARM.attributes
                0x000001af       0x33 src/ASF/thirdparty/wireless/addons/sio2host/uart/sio2host.o
 .ARM.attributes
                0x000001e2       0x33 src/buttons.o
 .ARM.attributes
                0x00000215       0x33 src/ConsoleFunctions.o
 .ARM.attributes
                0x00000248       0x33 src/DelayFunctions.o
 .ARM.attributes
                0x0000027b       0x33 src/lcdApplication.o
 .ARM.attributes
                0x000002ae       0x33 src/LCDFunctions.o
 .ARM.attributes
                0x000002e1       0x33 test/main.o
 .ARM.attributes
                0x00000314       0x33 test/test_adcFunctions.o
 .ARM.attributes
                0x00000347       0x33 test/test_buttons.o
 .ARM.attributes
                0x0000037a       0x33 test/test_delayFunctions.o
 .ARM.attributes
                0x000003ad       0x33 test/test_lcdApplication.o
 .ARM.attributes
                0x000003e0       0x33 test/test_lcdFunctions.o
 .ARM.attributes
                0x00000413       0x33 unity/unity.o
 .ARM.attributes
                0x00000446       0x33 src/ASF/common/services/clock/sam3x/sysclk.o
 .ARM.attributes
                0x00000479       0x33 src/ASF/common/utils/interrupt/interrupt_sam_nvic.o
 .ARM.attributes
                0x000004ac       0x33 src/ASF/sam/boards/arduino_due_x/init.o
 .ARM.attributes
                0x000004df       0x33 src/ASF/sam/drivers/pio/pio.o
 .ARM.attributes
                0x00000512       0x33 src/ASF/sam/drivers/pio/pio_handler.o
 .ARM.attributes
                0x00000545       0x33 src/ASF/sam/drivers/pmc/pmc.o
 .ARM.attributes
                0x00000578       0x33 src/ASF/sam/utils/cmsis/sam3x/source/templates/exceptions.o
 .ARM.attributes
                0x000005ab       0x33 src/ASF/sam/utils/cmsis/sam3x/source/templates/gcc/startup_sam3x.o
 .ARM.attributes
                0x000005de       0x33 src/ASF/sam/utils/cmsis/sam3x/source/templates/system_sam3x.o
 .ARM.attributes
                0x00000611       0x33 src/ASF/sam/utils/syscalls/gcc/syscalls.o
 .ARM.attributes
                0x00000644       0x2d c:/program files/atmel/atmel toolchain/arm gcc/native/4.8.1443/arm-gnu-toolchain/bin/../lib/gcc/arm-none-eabi/4.8.4/../../../../arm-none-eabi/lib/armv7-m\libc.a(lib_a-impure.o)
 .ARM.attributes
                0x00000671       0x2d c:/program files/atmel/atmel toolchain/arm gcc/native/4.8.1443/arm-gnu-toolchain/bin/../lib/gcc/arm-none-eabi/4.8.4/../../../../arm-none-eabi/lib/armv7-m\libc.a(lib_a-init.o)
 .ARM.attributes
                0x0000069e       0x2d c:/program files/atmel/atmel toolchain/arm gcc/native/4.8.1443/arm-gnu-toolchain/bin/../lib/gcc/arm-none-eabi/4.8.4/../../../../arm-none-eabi/lib/armv7-m\libc.a(lib_a-iprintf.o)
 .ARM.attributes
                0x000006cb       0x2d c:/program files/atmel/atmel toolchain/arm gcc/native/4.8.1443/arm-gnu-toolchain/bin/../lib/gcc/arm-none-eabi/4.8.4/../../../../arm-none-eabi/lib/armv7-m\libc.a(lib_a-memset.o)
 .ARM.attributes
                0x000006f8       0x2d c:/program files/atmel/atmel toolchain/arm gcc/native/4.8.1443/arm-gnu-toolchain/bin/../lib/gcc/arm-none-eabi/4.8.4/../../../../arm-none-eabi/lib/armv7-m\libc.a(lib_a-setbuf.o)
 .ARM.attributes
                0x00000725       0x1b c:/program files/atmel/atmel toolchain/arm gcc/native/4.8.1443/arm-gnu-toolchain/bin/../lib/gcc/arm-none-eabi/4.8.4/../../../../arm-none-eabi/lib/armv7-m\libc.a(lib_a-setjmp.o)
 .ARM.attributes
                0x00000740       0x2d c:/program files/atmel/atmel toolchain/arm gcc/native/4.8.1443/arm-gnu-toolchain/bin/../lib/gcc/arm-none-eabi/4.8.4/../../../../arm-none-eabi/lib/armv7-m\libc.a(lib_a-setvbuf.o)
 .ARM.attributes
                0x0000076d       0x2d c:/program files/atmel/atmel toolchain/arm gcc/native/4.8.1443/arm-gnu-toolchain/bin/../lib/gcc/arm-none-eabi/4.8.4/../../../../arm-none-eabi/lib/armv7-m\libc.a(lib_a-strlen.o)
 .ARM.attributes
                0x0000079a       0x2d c:/program files/atmel/atmel toolchain/arm gcc/native/4.8.1443/arm-gnu-toolchain/bin/../lib/gcc/arm-none-eabi/4.8.4/../../../../arm-none-eabi/lib/armv7-m\libc.a(lib_a-vfiprintf.o)
 .ARM.attributes
                0x000007c7       0x2d c:/program files/atmel/atmel toolchain/arm gcc/native/4.8.1443/arm-gnu-toolchain/bin/../lib/gcc/arm-none-eabi/4.8.4/../../../../arm-none-eabi/lib/armv7-m\libc.a(lib_a-wbuf.o)
 .ARM.attributes
                0x000007f4       0x2d c:/program files/atmel/atmel toolchain/arm gcc/native/4.8.1443/arm-gnu-toolchain/bin/../lib/gcc/arm-none-eabi/4.8.4/../../../../arm-none-eabi/lib/armv7-m\libc.a(lib_a-wsetup.o)
 .ARM.attributes
                0x00000821       0x2d c:/program files/atmel/atmel toolchain/arm gcc/native/4.8.1443/arm-gnu-toolchain/bin/../lib/gcc/arm-none-eabi/4.8.4/../../../../arm-none-eabi/lib/armv7-m\libc.a(lib_a-__call_atexit.o)
 .ARM.attributes
                0x0000084e       0x2d c:/program files/atmel/atmel toolchain/arm gcc/native/4.8.1443/arm-gnu-toolchain/bin/../lib/gcc/arm-none-eabi/4.8.4/../../../../arm-none-eabi/lib/armv7-m\libc.a(lib_a-atexit.o)
 .ARM.attributes
                0x0000087b       0x2d c:/program files/atmel/atmel toolchain/arm gcc/native/4.8.1443/arm-gnu-toolchain/bin/../lib/gcc/arm-none-eabi/4.8.4/../../../../arm-none-eabi/lib/armv7-m\libc.a(lib_a-fflush.o)
 .ARM.attributes
                0x000008a8       0x2d c:/program files/atmel/atmel toolchain/arm gcc/native/4.8.1443/arm-gnu-toolchain/bin/../lib/gcc/arm-none-eabi/4.8.4/../../../../arm-none-eabi/lib/armv7-m\libc.a(lib_a-findfp.o)
 .ARM.attributes
                0x000008d5       0x2d c:/program files/atmel/atmel toolchain/arm gcc/native/4.8.1443/arm-gnu-toolchain/bin/../lib/gcc/arm-none-eabi/4.8.4/../../../../arm-none-eabi/lib/armv7-m\libc.a(lib_a-fini.o)
 .ARM.attributes
                0x00000902       0x2d c:/program files/atmel/atmel toolchain/arm gcc/native/4.8.1443/arm-gnu-toolchain/bin/../lib/gcc/arm-none-eabi/4.8.4/../../../../arm-none-eabi/lib/armv7-m\libc.a(lib_a-fputwc.o)
 .ARM.attributes
                0x0000092f       0x2d c:/program files/atmel/atmel toolchain/arm gcc/native/4.8.1443/arm-gnu-toolchain/bin/../lib/gcc/arm-none-eabi/4.8.4/../../../../arm-none-eabi/lib/armv7-m\libc.a(lib_a-freer.o)
 .ARM.attributes
                0x0000095c       0x2d c:/program files/atmel/atmel toolchain/arm gcc/native/4.8.1443/arm-gnu-toolchain/bin/../lib/gcc/arm-none-eabi/4.8.4/../../../../arm-none-eabi/lib/armv7-m\libc.a(lib_a-fvwrite.o)
 .ARM.attributes
                0x00000989       0x2d c:/program files/atmel/atmel toolchain/arm gcc/native/4.8.1443/arm-gnu-toolchain/bin/../lib/gcc/arm-none-eabi/4.8.4/../../../../arm-none-eabi/lib/armv7-m\libc.a(lib_a-fwalk.o)
 .ARM.attributes
                0x000009b6       0x2d c:/program files/atmel/atmel toolchain/arm gcc/native/4.8.1443/arm-gnu-toolchain/bin/../lib/gcc/arm-none-eabi/4.8.4/../../../../arm-none-eabi/lib/armv7-m\libc.a(lib_a-locale.o)
 .ARM.attributes
                0x000009e3       0x2d c:/program files/atmel/atmel toolchain/arm gcc/native/4.8.1443/arm-gnu-toolchain/bin/../lib/gcc/arm-none-eabi/4.8.4/../../../../arm-none-eabi/lib/armv7-m\libc.a(lib_a-makebuf.o)
 .ARM.attributes
                0x00000a10       0x2d c:/program files/atmel/atmel toolchain/arm gcc/native/4.8.1443/arm-gnu-toolchain/bin/../lib/gcc/arm-none-eabi/4.8.4/../../../../arm-none-eabi/lib/armv7-m\libc.a(lib_a-malloc.o)
 .ARM.attributes
                0x00000a3d       0x2d c:/program files/atmel/atmel toolchain/arm gcc/native/4.8.1443/arm-gnu-toolchain/bin/../lib/gcc/arm-none-eabi/4.8.4/../../../../arm-none-eabi/lib/armv7-m\libc.a(lib_a-mallocr.o)
 .ARM.attributes
                0x00000a6a       0x2d c:/program files/atmel/atmel toolchain/arm gcc/native/4.8.1443/arm-gnu-toolchain/bin/../lib/gcc/arm-none-eabi/4.8.4/../../../../arm-none-eabi/lib/armv7-m\libc.a(lib_a-memchr-stub.o)
 .ARM.attributes
                0x00000a97       0x1b c:/program files/atmel/atmel toolchain/arm gcc/native/4.8.1443/arm-gnu-toolchain/bin/../lib/gcc/arm-none-eabi/4.8.4/../../../../arm-none-eabi/lib/armv7-m\libc.a(lib_a-memcpy.o)
 .ARM.attributes
                0x00000ab2       0x2d c:/program files/atmel/atmel toolchain/arm gcc/native/4.8.1443/arm-gnu-toolchain/bin/../lib/gcc/arm-none-eabi/4.8.4/../../../../arm-none-eabi/lib/armv7-m\libc.a(lib_a-memmove.o)
 .ARM.attributes
                0x00000adf       0x2d c:/program files/atmel/atmel toolchain/arm gcc/native/4.8.1443/arm-gnu-toolchain/bin/../lib/gcc/arm-none-eabi/4.8.4/../../../../arm-none-eabi/lib/armv7-m\libc.a(lib_a-mlock.o)
 .ARM.attributes
                0x00000b0c       0x2d c:/program files/atmel/atmel toolchain/arm gcc/native/4.8.1443/arm-gnu-toolchain/bin/../lib/gcc/arm-none-eabi/4.8.4/../../../../arm-none-eabi/lib/armv7-m\libc.a(lib_a-reallocr.o)
 .ARM.attributes
                0x00000b39       0x2d c:/program files/atmel/atmel toolchain/arm gcc/native/4.8.1443/arm-gnu-toolchain/bin/../lib/gcc/arm-none-eabi/4.8.4/../../../../arm-none-eabi/lib/armv7-m\libc.a(lib_a-sbrkr.o)
 .ARM.attributes
                0x00000b66       0x2d c:/program files/atmel/atmel toolchain/arm gcc/native/4.8.1443/arm-gnu-toolchain/bin/../lib/gcc/arm-none-eabi/4.8.4/../../../../arm-none-eabi/lib/armv7-m\libc.a(lib_a-stdio.o)
 .ARM.attributes
                0x00000b93       0x2d c:/program files/atmel/atmel toolchain/arm gcc/native/4.8.1443/arm-gnu-toolchain/bin/../lib/gcc/arm-none-eabi/4.8.4/../../../../arm-none-eabi/lib/armv7-m\libc.a(lib_a-wcrtomb.o)
 .ARM.attributes
                0x00000bc0       0x2d c:/program files/atmel/atmel toolchain/arm gcc/native/4.8.1443/arm-gnu-toolchain/bin/../lib/gcc/arm-none-eabi/4.8.4/../../../../arm-none-eabi/lib/armv7-m\libc.a(lib_a-wctomb_r.o)
 .ARM.attributes
                0x00000bed       0x2d c:/program files/atmel/atmel toolchain/arm gcc/native/4.8.1443/arm-gnu-toolchain/bin/../lib/gcc/arm-none-eabi/4.8.4/../../../../arm-none-eabi/lib/armv7-m\libc.a(lib_a-writer.o)
 .ARM.attributes
                0x00000c1a       0x2d c:/program files/atmel/atmel toolchain/arm gcc/native/4.8.1443/arm-gnu-toolchain/bin/../lib/gcc/arm-none-eabi/4.8.4/../../../../arm-none-eabi/lib/armv7-m\libc.a(lib_a-__atexit.o)
 .ARM.attributes
                0x00000c47       0x2d c:/program files/atmel/atmel toolchain/arm gcc/native/4.8.1443/arm-gnu-toolchain/bin/../lib/gcc/arm-none-eabi/4.8.4/../../../../arm-none-eabi/lib/armv7-m\libc.a(lib_a-closer.o)
 .ARM.attributes
                0x00000c74       0x2d c:/program files/atmel/atmel toolchain/arm gcc/native/4.8.1443/arm-gnu-toolchain/bin/../lib/gcc/arm-none-eabi/4.8.4/../../../../arm-none-eabi/lib/armv7-m\libc.a(lib_a-fclose.o)
 .ARM.attributes
                0x00000ca1       0x2d c:/program files/atmel/atmel toolchain/arm gcc/native/4.8.1443/arm-gnu-toolchain/bin/../lib/gcc/arm-none-eabi/4.8.4/../../../../arm-none-eabi/lib/armv7-m\libc.a(lib_a-fstatr.o)
 .ARM.attributes
                0x00000cce       0x2d c:/program files/atmel/atmel toolchain/arm gcc/native/4.8.1443/arm-gnu-toolchain/bin/../lib/gcc/arm-none-eabi/4.8.4/../../../../arm-none-eabi/lib/armv7-m\libc.a(lib_a-isattyr.o)
 .ARM.attributes
                0x00000cfb       0x2d c:/program files/atmel/atmel toolchain/arm gcc/native/4.8.1443/arm-gnu-toolchain/bin/../lib/gcc/arm-none-eabi/4.8.4/../../../../arm-none-eabi/lib/armv7-m\libc.a(lib_a-lseekr.o)
 .ARM.attributes
                0x00000d28       0x2d c:/program files/atmel/atmel toolchain/arm gcc/native/4.8.1443/arm-gnu-toolchain/bin/../lib/gcc/arm-none-eabi/4.8.4/../../../../arm-none-eabi/lib/armv7-m\libc.a(lib_a-readr.o)
 .ARM.attributes
                0x00000d55       0x2d c:/program files/atmel/atmel toolchain/arm gcc/native/4.8.1443/arm-gnu-toolchain/bin/../lib/gcc/arm-none-eabi/4.8.4/../../../../arm-none-eabi/lib/armv7-m\libc.a(lib_a-reent.o)
 .ARM.attributes
                0x00000d82       0x1d c:/program files/atmel/atmel toolchain/arm gcc/native/4.8.1443/arm-gnu-toolchain/bin/../lib/gcc/arm-none-eabi/4.8.4/armv7-m\libgcc.a(_aeabi_uldivmod.o)
 .ARM.attributes
                0x00000d9f       0x2d c:/program files/atmel/atmel toolchain/arm gcc/native/4.8.1443/arm-gnu-toolchain/bin/../lib/gcc/arm-none-eabi/4.8.4/armv7-m\libgcc.a(bpabi.o)
 .ARM.attributes
                0x00000dcc       0x1d c:/program files/atmel/atmel toolchain/arm gcc/native/4.8.1443/arm-gnu-toolchain/bin/../lib/gcc/arm-none-eabi/4.8.4/armv7-m\libgcc.a(_dvmd_tls.o)
 .ARM.attributes
                0x00000de9       0x2d c:/program files/atmel/atmel toolchain/arm gcc/native/4.8.1443/arm-gnu-toolchain/bin/../lib/gcc/arm-none-eabi/4.8.4/armv7-m\libgcc.a(_divdi3.o)
 .ARM.attributes
                0x00000e16       0x2d c:/program files/atmel/atmel toolchain/arm gcc/native/4.8.1443/arm-gnu-toolchain/bin/../lib/gcc/arm-none-eabi/4.8.4/armv7-m\libgcc.a(_udivdi3.o)
 .ARM.attributes
                0x00000e43       0x1d c:/program files/atmel/atmel toolchain/arm gcc/native/4.8.1443/arm-gnu-toolchain/bin/../lib/gcc/arm-none-eabi/4.8.4/armv7-m/crtn.o

.comment        0x00000000       0x5b
 .comment       0x00000000       0x5b src/adcFunctions.o
                                 0x5c (size before relaxing)
 .comment       0x00000000       0x5c src/ASF/common/services/serial/usart_serial.o
 .comment       0x00000000       0x5c src/ASF/common/utils/stdio/read.o
 .comment       0x00000000       0x5c src/ASF/common/utils/stdio/write.o
 .comment       0x00000000       0x5c src/ASF/sam/drivers/tc/tc.o
 .comment       0x00000000       0x5c src/ASF/sam/drivers/uart/uart.o
 .comment       0x00000000       0x5c src/ASF/sam/drivers/usart/usart.o
 .comment       0x00000000       0x5c src/ASF/thirdparty/wireless/addons/sio2host/uart/sio2host.o
 .comment       0x00000000       0x5c src/buttons.o
 .comment       0x00000000       0x5c src/ConsoleFunctions.o
 .comment       0x00000000       0x5c src/DelayFunctions.o
 .comment       0x00000000       0x5c src/lcdApplication.o
 .comment       0x00000000       0x5c src/LCDFunctions.o
 .comment       0x00000000       0x5c test/main.o
 .comment       0x00000000       0x5c test/test_adcFunctions.o
 .comment       0x00000000       0x5c test/test_buttons.o
 .comment       0x00000000       0x5c test/test_delayFunctions.o
 .comment       0x00000000       0x5c test/test_lcdApplication.o
 .comment       0x00000000       0x5c test/test_lcdFunctions.o
 .comment       0x00000000       0x5c unity/unity.o
 .comment       0x00000000       0x5c src/ASF/common/services/clock/sam3x/sysclk.o
 .comment       0x00000000       0x5c src/ASF/common/utils/interrupt/interrupt_sam_nvic.o
 .comment       0x00000000       0x5c src/ASF/sam/boards/arduino_due_x/init.o
 .comment       0x00000000       0x5c src/ASF/sam/drivers/pio/pio.o
 .comment       0x00000000       0x5c src/ASF/sam/drivers/pio/pio_handler.o
 .comment       0x00000000       0x5c src/ASF/sam/drivers/pmc/pmc.o
 .comment       0x00000000       0x5c src/ASF/sam/utils/cmsis/sam3x/source/templates/exceptions.o
 .comment       0x00000000       0x5c src/ASF/sam/utils/cmsis/sam3x/source/templates/gcc/startup_sam3x.o
 .comment       0x00000000       0x5c src/ASF/sam/utils/cmsis/sam3x/source/templates/system_sam3x.o
 .comment       0x00000000       0x5c src/ASF/sam/utils/syscalls/gcc/syscalls.o

.debug_info     0x00000000    0x167a3
 .debug_info    0x00000000      0xaab src/adcFunctions.o
 .debug_info    0x00000aab      0x7c5 src/ASF/common/services/serial/usart_serial.o
 .debug_info    0x00001270      0x1bb src/ASF/common/utils/stdio/read.o
 .debug_info    0x0000142b      0x1c0 src/ASF/common/utils/stdio/write.o
 .debug_info    0x000015eb      0x94f src/ASF/sam/drivers/tc/tc.o
 .debug_info    0x00001f3a      0x889 src/ASF/sam/drivers/uart/uart.o
 .debug_info    0x000027c3     0x1bfa src/ASF/sam/drivers/usart/usart.o
 .debug_info    0x000043bd     0x187d src/ASF/thirdparty/wireless/addons/sio2host/uart/sio2host.o
 .debug_info    0x00005c3a       0xc9 src/buttons.o
 .debug_info    0x00005d03     0x12c6 src/ConsoleFunctions.o
 .debug_info    0x00006fc9      0xd16 src/DelayFunctions.o
 .debug_info    0x00007cdf      0x106 src/lcdApplication.o
 .debug_info    0x00007de5     0x1ddb src/LCDFunctions.o
 .debug_info    0x00009bc0      0xc75 test/main.o
 .debug_info    0x0000a835      0xbbf test/test_adcFunctions.o
 .debug_info    0x0000b3f4      0xabf test/test_buttons.o
 .debug_info    0x0000beb3      0xc28 test/test_delayFunctions.o
 .debug_info    0x0000cadb      0xcdd test/test_lcdApplication.o
 .debug_info    0x0000d7b8     0x1376 test/test_lcdFunctions.o
 .debug_info    0x0000eb2e     0x2b92 unity/unity.o
 .debug_info    0x000116c0      0x796 src/ASF/common/services/clock/sam3x/sysclk.o
 .debug_info    0x00011e56      0x1e8 src/ASF/common/utils/interrupt/interrupt_sam_nvic.o
 .debug_info    0x0001203e      0x728 src/ASF/sam/boards/arduino_due_x/init.o
 .debug_info    0x00012766     0x1385 src/ASF/sam/drivers/pio/pio.o
 .debug_info    0x00013aeb      0xe52 src/ASF/sam/drivers/pio/pio_handler.o
 .debug_info    0x0001493d     0x1080 src/ASF/sam/drivers/pmc/pmc.o
 .debug_info    0x000159bd      0x124 src/ASF/sam/utils/cmsis/sam3x/source/templates/exceptions.o
 .debug_info    0x00015ae1      0x3bd src/ASF/sam/utils/cmsis/sam3x/source/templates/gcc/startup_sam3x.o
 .debug_info    0x00015e9e      0x4c6 src/ASF/sam/utils/cmsis/sam3x/source/templates/system_sam3x.o
 .debug_info    0x00016364      0x43f src/ASF/sam/utils/syscalls/gcc/syscalls.o

.debug_abbrev   0x00000000     0x3847
 .debug_abbrev  0x00000000      0x1e4 src/adcFunctions.o
 .debug_abbrev  0x000001e4      0x1a8 src/ASF/common/services/serial/usart_serial.o
 .debug_abbrev  0x0000038c      0x101 src/ASF/common/utils/stdio/read.o
 .debug_abbrev  0x0000048d       0xf5 src/ASF/common/utils/stdio/write.o
 .debug_abbrev  0x00000582      0x1bb src/ASF/sam/drivers/tc/tc.o
 .debug_abbrev  0x0000073d      0x1bd src/ASF/sam/drivers/uart/uart.o
 .debug_abbrev  0x000008fa      0x325 src/ASF/sam/drivers/usart/usart.o
 .debug_abbrev  0x00000c1f      0x3da src/ASF/thirdparty/wireless/addons/sio2host/uart/sio2host.o
 .debug_abbrev  0x00000ff9       0x6e src/buttons.o
 .debug_abbrev  0x00001067      0x330 src/ConsoleFunctions.o
 .debug_abbrev  0x00001397      0x1fa src/DelayFunctions.o
 .debug_abbrev  0x00001591       0xa9 src/lcdApplication.o
 .debug_abbrev  0x0000163a      0x2e8 src/LCDFunctions.o
 .debug_abbrev  0x00001922      0x1eb test/main.o
 .debug_abbrev  0x00001b0d      0x1fa test/test_adcFunctions.o
 .debug_abbrev  0x00001d07      0x1d8 test/test_buttons.o
 .debug_abbrev  0x00001edf      0x1f8 test/test_delayFunctions.o
 .debug_abbrev  0x000020d7      0x1f4 test/test_lcdApplication.o
 .debug_abbrev  0x000022cb      0x1ed test/test_lcdFunctions.o
 .debug_abbrev  0x000024b8      0x371 unity/unity.o
 .debug_abbrev  0x00002829      0x227 src/ASF/common/services/clock/sam3x/sysclk.o
 .debug_abbrev  0x00002a50       0xef src/ASF/common/utils/interrupt/interrupt_sam_nvic.o
 .debug_abbrev  0x00002b3f      0x16d src/ASF/sam/boards/arduino_due_x/init.o
 .debug_abbrev  0x00002cac      0x2d5 src/ASF/sam/drivers/pio/pio.o
 .debug_abbrev  0x00002f81      0x257 src/ASF/sam/drivers/pio/pio_handler.o
 .debug_abbrev  0x000031d8      0x268 src/ASF/sam/drivers/pmc/pmc.o
 .debug_abbrev  0x00003440       0x8c src/ASF/sam/utils/cmsis/sam3x/source/templates/exceptions.o
 .debug_abbrev  0x000034cc      0x118 src/ASF/sam/utils/cmsis/sam3x/source/templates/gcc/startup_sam3x.o
 .debug_abbrev  0x000035e4      0x115 src/ASF/sam/utils/cmsis/sam3x/source/templates/system_sam3x.o
 .debug_abbrev  0x000036f9      0x14e src/ASF/sam/utils/syscalls/gcc/syscalls.o

.debug_loc      0x00000000     0x6a2a
 .debug_loc     0x00000000       0x62 src/adcFunctions.o
 .debug_loc     0x00000062      0x2d1 src/ASF/common/services/serial/usart_serial.o
 .debug_loc     0x00000333       0xc5 src/ASF/common/utils/stdio/read.o
 .debug_loc     0x000003f8      0x161 src/ASF/common/utils/stdio/write.o
 .debug_loc     0x00000559      0x57a src/ASF/sam/drivers/tc/tc.o
 .debug_loc     0x00000ad3      0x236 src/ASF/sam/drivers/uart/uart.o
 .debug_loc     0x00000d09     0x128d src/ASF/sam/drivers/usart/usart.o
 .debug_loc     0x00001f96      0x4b5 src/ASF/thirdparty/wireless/addons/sio2host/uart/sio2host.o
 .debug_loc     0x0000244b      0x28b src/ConsoleFunctions.o
 .debug_loc     0x000026d6       0x6c src/DelayFunctions.o
 .debug_loc     0x00002742       0x63 src/lcdApplication.o
 .debug_loc     0x000027a5      0x1df src/LCDFunctions.o
 .debug_loc     0x00002984       0x20 test/main.o
 .debug_loc     0x000029a4       0x58 test/test_adcFunctions.o
 .debug_loc     0x000029fc       0x20 test/test_buttons.o
 .debug_loc     0x00002a1c       0x58 test/test_delayFunctions.o
 .debug_loc     0x00002a74       0x84 test/test_lcdApplication.o
 .debug_loc     0x00002af8       0x84 test/test_lcdFunctions.o
 .debug_loc     0x00002b7c     0x1f45 unity/unity.o
 .debug_loc     0x00004ac1      0x12d src/ASF/common/services/clock/sam3x/sysclk.o
 .debug_loc     0x00004bee       0x1e src/ASF/common/utils/interrupt/interrupt_sam_nvic.o
 .debug_loc     0x00004c0c       0x20 src/ASF/sam/boards/arduino_due_x/init.o
 .debug_loc     0x00004c2c      0xa83 src/ASF/sam/drivers/pio/pio.o
 .debug_loc     0x000056af      0x53d src/ASF/sam/drivers/pio/pio_handler.o
 .debug_loc     0x00005bec      0xc95 src/ASF/sam/drivers/pmc/pmc.o
 .debug_loc     0x00006881       0x7e src/ASF/sam/utils/cmsis/sam3x/source/templates/gcc/startup_sam3x.o
 .debug_loc     0x000068ff      0x12b src/ASF/sam/utils/syscalls/gcc/syscalls.o

.debug_aranges  0x00000000      0xd38
 .debug_aranges
                0x00000000       0x28 src/adcFunctions.o
 .debug_aranges
                0x00000028       0x28 src/ASF/common/services/serial/usart_serial.o
 .debug_aranges
                0x00000050       0x20 src/ASF/common/utils/stdio/read.o
 .debug_aranges
                0x00000070       0x20 src/ASF/common/utils/stdio/write.o
 .debug_aranges
                0x00000090       0xd0 src/ASF/sam/drivers/tc/tc.o
 .debug_aranges
                0x00000160       0xe8 src/ASF/sam/drivers/uart/uart.o
 .debug_aranges
                0x00000248      0x2a8 src/ASF/sam/drivers/usart/usart.o
 .debug_aranges
                0x000004f0       0x60 src/ASF/thirdparty/wireless/addons/sio2host/uart/sio2host.o
 .debug_aranges
                0x00000550       0x20 src/buttons.o
 .debug_aranges
                0x00000570       0x30 src/ConsoleFunctions.o
 .debug_aranges
                0x000005a0       0x28 src/DelayFunctions.o
 .debug_aranges
                0x000005c8       0x30 src/lcdApplication.o
 .debug_aranges
                0x000005f8       0x30 src/LCDFunctions.o
 .debug_aranges
                0x00000628       0x38 test/main.o
 .debug_aranges
                0x00000660       0x28 test/test_adcFunctions.o
 .debug_aranges
                0x00000688       0x20 test/test_buttons.o
 .debug_aranges
                0x000006a8       0x28 test/test_delayFunctions.o
 .debug_aranges
                0x000006d0       0x30 test/test_lcdApplication.o
 .debug_aranges
                0x00000700       0x30 test/test_lcdFunctions.o
 .debug_aranges
                0x00000730      0x110 unity/unity.o
 .debug_aranges
                0x00000840       0x40 src/ASF/common/services/clock/sam3x/sysclk.o
 .debug_aranges
                0x00000880       0x28 src/ASF/common/utils/interrupt/interrupt_sam_nvic.o
 .debug_aranges
                0x000008a8       0x20 src/ASF/sam/boards/arduino_due_x/init.o
 .debug_aranges
                0x000008c8      0x148 src/ASF/sam/drivers/pio/pio.o
 .debug_aranges
                0x00000a10       0x58 src/ASF/sam/drivers/pio/pio_handler.o
 .debug_aranges
                0x00000a68      0x200 src/ASF/sam/drivers/pmc/pmc.o
 .debug_aranges
                0x00000c68       0x20 src/ASF/sam/utils/cmsis/sam3x/source/templates/exceptions.o
 .debug_aranges
                0x00000c88       0x20 src/ASF/sam/utils/cmsis/sam3x/source/templates/gcc/startup_sam3x.o
 .debug_aranges
                0x00000ca8       0x30 src/ASF/sam/utils/cmsis/sam3x/source/templates/system_sam3x.o
 .debug_aranges
                0x00000cd8       0x60 src/ASF/sam/utils/syscalls/gcc/syscalls.o

.debug_ranges   0x00000000      0xb70
 .debug_ranges  0x00000000       0x18 src/adcFunctions.o
 .debug_ranges  0x00000018       0x30 src/ASF/common/services/serial/usart_serial.o
 .debug_ranges  0x00000048       0x10 src/ASF/common/utils/stdio/read.o
 .debug_ranges  0x00000058       0x10 src/ASF/common/utils/stdio/write.o
 .debug_ranges  0x00000068       0xc0 src/ASF/sam/drivers/tc/tc.o
 .debug_ranges  0x00000128       0xd8 src/ASF/sam/drivers/uart/uart.o
 .debug_ranges  0x00000200      0x298 src/ASF/sam/drivers/usart/usart.o
 .debug_ranges  0x00000498       0x50 src/ASF/thirdparty/wireless/addons/sio2host/uart/sio2host.o
 .debug_ranges  0x000004e8       0x10 src/buttons.o
 .debug_ranges  0x000004f8       0x20 src/ConsoleFunctions.o
 .debug_ranges  0x00000518       0x18 src/DelayFunctions.o
 .debug_ranges  0x00000530       0x20 src/lcdApplication.o
 .debug_ranges  0x00000550       0x20 src/LCDFunctions.o
 .debug_ranges  0x00000570       0x28 test/main.o
 .debug_ranges  0x00000598       0x18 test/test_adcFunctions.o
 .debug_ranges  0x000005b0       0x10 test/test_buttons.o
 .debug_ranges  0x000005c0       0x18 test/test_delayFunctions.o
 .debug_ranges  0x000005d8       0x20 test/test_lcdApplication.o
 .debug_ranges  0x000005f8       0x20 test/test_lcdFunctions.o
 .debug_ranges  0x00000618      0x100 unity/unity.o
 .debug_ranges  0x00000718       0x30 src/ASF/common/services/clock/sam3x/sysclk.o
 .debug_ranges  0x00000748       0x18 src/ASF/common/utils/interrupt/interrupt_sam_nvic.o
 .debug_ranges  0x00000760       0x10 src/ASF/sam/boards/arduino_due_x/init.o
 .debug_ranges  0x00000770      0x138 src/ASF/sam/drivers/pio/pio.o
 .debug_ranges  0x000008a8       0x48 src/ASF/sam/drivers/pio/pio_handler.o
 .debug_ranges  0x000008f0      0x1f0 src/ASF/sam/drivers/pmc/pmc.o
 .debug_ranges  0x00000ae0       0x10 src/ASF/sam/utils/cmsis/sam3x/source/templates/exceptions.o
 .debug_ranges  0x00000af0       0x10 src/ASF/sam/utils/cmsis/sam3x/source/templates/gcc/startup_sam3x.o
 .debug_ranges  0x00000b00       0x20 src/ASF/sam/utils/cmsis/sam3x/source/templates/system_sam3x.o
 .debug_ranges  0x00000b20       0x50 src/ASF/sam/utils/syscalls/gcc/syscalls.o

.debug_macro    0x00000000    0x1cb46
 .debug_macro   0x00000000      0x5fb src/adcFunctions.o
 .debug_macro   0x000005fb      0x874 src/adcFunctions.o
 .debug_macro   0x00000e6f       0x16 src/adcFunctions.o
 .debug_macro   0x00000e85       0x4a src/adcFunctions.o
 .debug_macro   0x00000ecf      0x209 src/adcFunctions.o
 .debug_macro   0x000010d8       0x82 src/adcFunctions.o
 .debug_macro   0x0000115a      0x452 src/adcFunctions.o
 .debug_macro   0x000015ac       0xf6 src/adcFunctions.o
 .debug_macro   0x000016a2      0x621 src/adcFunctions.o
 .debug_macro   0x00001cc3       0x76 src/adcFunctions.o
 .debug_macro   0x00001d39       0x16 src/adcFunctions.o
 .debug_macro   0x00001d4f      0x6e4 src/adcFunctions.o
 .debug_macro   0x00002433       0x26 src/adcFunctions.o
 .debug_macro   0x00002459       0x3a src/adcFunctions.o
 .debug_macro   0x00002493       0x2d src/adcFunctions.o
 .debug_macro   0x000024c0      0xbb1 src/adcFunctions.o
 .debug_macro   0x00003071      0xab6 src/adcFunctions.o
 .debug_macro   0x00003b27      0x569 src/adcFunctions.o
 .debug_macro   0x00004090      0x2b5 src/adcFunctions.o
 .debug_macro   0x00004345      0x31a src/adcFunctions.o
 .debug_macro   0x0000465f      0x74f src/adcFunctions.o
 .debug_macro   0x00004dae       0x82 src/adcFunctions.o
 .debug_macro   0x00004e30      0x57b src/adcFunctions.o
 .debug_macro   0x000053ab       0x1c src/adcFunctions.o
 .debug_macro   0x000053c7      0x6b7 src/adcFunctions.o
 .debug_macro   0x00005a7e      0x52d src/adcFunctions.o
 .debug_macro   0x00005fab       0xbe src/adcFunctions.o
 .debug_macro   0x00006069     0x2342 src/adcFunctions.o
 .debug_macro   0x000083ab      0x85d src/adcFunctions.o
 .debug_macro   0x00008c08      0xdc9 src/adcFunctions.o
 .debug_macro   0x000099d1       0x7c src/adcFunctions.o
 .debug_macro   0x00009a4d      0x263 src/adcFunctions.o
 .debug_macro   0x00009cb0       0x58 src/adcFunctions.o
 .debug_macro   0x00009d08      0x9a7 src/adcFunctions.o
 .debug_macro   0x0000a6af      0x248 src/adcFunctions.o
 .debug_macro   0x0000a8f7      0x4df src/adcFunctions.o
 .debug_macro   0x0000add6      0x6b3 src/adcFunctions.o
 .debug_macro   0x0000b489      0x59f src/adcFunctions.o
 .debug_macro   0x0000ba28       0x46 src/adcFunctions.o
 .debug_macro   0x0000ba6e      0x34d src/adcFunctions.o
 .debug_macro   0x0000bdbb      0x28c src/adcFunctions.o
 .debug_macro   0x0000c047     0x14d7 src/adcFunctions.o
 .debug_macro   0x0000d51e      0x7ba src/adcFunctions.o
 .debug_macro   0x0000dcd8       0x76 src/adcFunctions.o
 .debug_macro   0x0000dd4e       0x82 src/adcFunctions.o
 .debug_macro   0x0000ddd0       0x76 src/adcFunctions.o
 .debug_macro   0x0000de46       0x4c src/adcFunctions.o
 .debug_macro   0x0000de92      0x105 src/adcFunctions.o
 .debug_macro   0x0000df97      0x105 src/adcFunctions.o
 .debug_macro   0x0000e09c      0x105 src/adcFunctions.o
 .debug_macro   0x0000e1a1       0x88 src/adcFunctions.o
 .debug_macro   0x0000e229       0x88 src/adcFunctions.o
 .debug_macro   0x0000e2b1      0x3b4 src/adcFunctions.o
 .debug_macro   0x0000e665       0xb8 src/adcFunctions.o
 .debug_macro   0x0000e71d       0xb8 src/adcFunctions.o
 .debug_macro   0x0000e7d5       0xb8 src/adcFunctions.o
 .debug_macro   0x0000e88d       0xb8 src/adcFunctions.o
 .debug_macro   0x0000e945      0x2b8 src/adcFunctions.o
 .debug_macro   0x0000ebfd      0x125 src/adcFunctions.o
 .debug_macro   0x0000ed22      0x225 src/adcFunctions.o
 .debug_macro   0x0000ef47      0x225 src/adcFunctions.o
 .debug_macro   0x0000f16c       0x2e src/adcFunctions.o
 .debug_macro   0x0000f19a       0xac src/adcFunctions.o
 .debug_macro   0x0000f246      0x14d src/adcFunctions.o
 .debug_macro   0x0000f393       0x7c src/adcFunctions.o
 .debug_macro   0x0000f40f      0x205 src/adcFunctions.o
 .debug_macro   0x0000f614       0x64 src/adcFunctions.o
 .debug_macro   0x0000f678       0xa6 src/adcFunctions.o
 .debug_macro   0x0000f71e       0x7c src/adcFunctions.o
 .debug_macro   0x0000f79a       0x16 src/adcFunctions.o
 .debug_macro   0x0000f7b0       0x22 src/adcFunctions.o
 .debug_macro   0x0000f7d2       0x22 src/adcFunctions.o
 .debug_macro   0x0000f7f4      0x115 src/adcFunctions.o
 .debug_macro   0x0000f909      0x115 src/adcFunctions.o
 .debug_macro   0x0000fa1e      0x115 src/adcFunctions.o
 .debug_macro   0x0000fb33      0x115 src/adcFunctions.o
 .debug_macro   0x0000fc48       0x1c src/adcFunctions.o
 .debug_macro   0x0000fc64       0x2e src/adcFunctions.o
 .debug_macro   0x0000fc92       0x22 src/adcFunctions.o
 .debug_macro   0x0000fcb4       0x1c src/adcFunctions.o
 .debug_macro   0x0000fcd0       0x58 src/adcFunctions.o
 .debug_macro   0x0000fd28       0x10 src/adcFunctions.o
 .debug_macro   0x0000fd38      0x273 src/adcFunctions.o
 .debug_macro   0x0000ffab      0xd43 src/adcFunctions.o
 .debug_macro   0x00010cee      0x131 src/adcFunctions.o
 .debug_macro   0x00010e1f       0x58 src/adcFunctions.o
 .debug_macro   0x00010e77       0x35 src/adcFunctions.o
 .debug_macro   0x00010eac       0xa3 src/adcFunctions.o
 .debug_macro   0x00010f4f       0x16 src/adcFunctions.o
 .debug_macro   0x00010f65       0x35 src/adcFunctions.o
 .debug_macro   0x00010f9a       0x10 src/adcFunctions.o
 .debug_macro   0x00010faa       0x52 src/adcFunctions.o
 .debug_macro   0x00010ffc       0x16 src/adcFunctions.o
 .debug_macro   0x00011012       0x43 src/adcFunctions.o
 .debug_macro   0x00011055      0x180 src/adcFunctions.o
 .debug_macro   0x000111d5       0x10 src/adcFunctions.o
 .debug_macro   0x000111e5       0x22 src/adcFunctions.o
 .debug_macro   0x00011207       0xbd src/adcFunctions.o
 .debug_macro   0x000112c4       0x16 src/adcFunctions.o
 .debug_macro   0x000112da      0x16c src/adcFunctions.o
 .debug_macro   0x00011446       0x22 src/adcFunctions.o
 .debug_macro   0x00011468       0x16 src/adcFunctions.o
 .debug_macro   0x0001147e       0x16 src/adcFunctions.o
 .debug_macro   0x00011494       0x29 src/adcFunctions.o
 .debug_macro   0x000114bd       0x6e src/adcFunctions.o
 .debug_macro   0x0001152b       0x45 src/adcFunctions.o
 .debug_macro   0x00011570      0x3ca src/adcFunctions.o
 .debug_macro   0x0001193a       0x1c src/adcFunctions.o
 .debug_macro   0x00011956       0x94 src/adcFunctions.o
 .debug_macro   0x000119ea       0x40 src/adcFunctions.o
 .debug_macro   0x00011a2a      0x279 src/adcFunctions.o
 .debug_macro   0x00011ca3      0x790 src/adcFunctions.o
 .debug_macro   0x00012433       0x34 src/adcFunctions.o
 .debug_macro   0x00012467       0x5e src/adcFunctions.o
 .debug_macro   0x000124c5       0x64 src/adcFunctions.o
 .debug_macro   0x00012529       0x5f src/adcFunctions.o
 .debug_macro   0x00012588       0x90 src/adcFunctions.o
 .debug_macro   0x00012618       0x6a src/adcFunctions.o
 .debug_macro   0x00012682       0x34 src/adcFunctions.o
 .debug_macro   0x000126b6       0x1c src/adcFunctions.o
 .debug_macro   0x000126d2       0x2e src/adcFunctions.o
 .debug_macro   0x00012700       0x1c src/adcFunctions.o
 .debug_macro   0x0001271c       0x10 src/adcFunctions.o
 .debug_macro   0x0001272c      0x55c src/ASF/common/services/serial/usart_serial.o
 .debug_macro   0x00012c88      0x166 src/ASF/common/services/serial/usart_serial.o
 .debug_macro   0x00012dee       0x44 src/ASF/common/services/serial/usart_serial.o
 .debug_macro   0x00012e32       0x20 src/ASF/common/services/serial/usart_serial.o
 .debug_macro   0x00012e52      0x4a9 src/ASF/common/utils/stdio/read.o
 .debug_macro   0x000132fb      0x4a9 src/ASF/common/utils/stdio/write.o
 .debug_macro   0x000137a4      0x4c5 src/ASF/sam/drivers/tc/tc.o
 .debug_macro   0x00013c69       0x16 src/ASF/sam/drivers/tc/tc.o
 .debug_macro   0x00013c7f       0x1c src/ASF/sam/drivers/tc/tc.o
 .debug_macro   0x00013c9b      0x4b8 src/ASF/sam/drivers/uart/uart.o
 .debug_macro   0x00014153       0x16 src/ASF/sam/drivers/uart/uart.o
 .debug_macro   0x00014169      0x4f4 src/ASF/sam/drivers/usart/usart.o
 .debug_macro   0x0001465d       0x28 src/ASF/sam/drivers/usart/usart.o
 .debug_macro   0x00014685      0x5f3 src/ASF/thirdparty/wireless/addons/sio2host/uart/sio2host.o
 .debug_macro   0x00014c78       0x40 src/ASF/thirdparty/wireless/addons/sio2host/uart/sio2host.o
 .debug_macro   0x00014cb8       0x6d src/buttons.o
 .debug_macro   0x00014d25      0x5db src/ConsoleFunctions.o
 .debug_macro   0x00015300       0x97 src/ConsoleFunctions.o
 .debug_macro   0x00015397       0xef src/ConsoleFunctions.o
 .debug_macro   0x00015486      0x20f src/ConsoleFunctions.o
 .debug_macro   0x00015695       0x22 src/ConsoleFunctions.o
 .debug_macro   0x000156b7       0x70 src/ConsoleFunctions.o
 .debug_macro   0x00015727       0x58 src/ConsoleFunctions.o
 .debug_macro   0x0001577f      0x5e9 src/DelayFunctions.o
 .debug_macro   0x00015d68       0x25 src/lcdApplication.o
 .debug_macro   0x00015d8d      0x61b src/LCDFunctions.o
 .debug_macro   0x000163a8       0x34 src/LCDFunctions.o
 .debug_macro   0x000163dc      0x698 test/main.o
 .debug_macro   0x00016a74       0x7f test/main.o
 .debug_macro   0x00016af3       0x10 test/main.o
 .debug_macro   0x00016b03       0x2b test/main.o
 .debug_macro   0x00016b2e      0x118 test/main.o
 .debug_macro   0x00016c46      0x303 test/main.o
 .debug_macro   0x00016f49      0x4a2 test/main.o
 .debug_macro   0x000173eb      0x66c test/test_adcFunctions.o
 .debug_macro   0x00017a57      0x66d test/test_buttons.o
 .debug_macro   0x000180c4      0x673 test/test_delayFunctions.o
 .debug_macro   0x00018737      0x691 test/test_lcdApplication.o
 .debug_macro   0x00018dc8      0x682 test/test_lcdFunctions.o
 .debug_macro   0x0001944a      0x17a unity/unity.o
 .debug_macro   0x000195c4       0x55 unity/unity.o
 .debug_macro   0x00019619      0x2b2 unity/unity.o
 .debug_macro   0x000198cb      0x529 src/ASF/common/services/clock/sam3x/sysclk.o
 .debug_macro   0x00019df4      0x273 src/ASF/common/services/clock/sam3x/sysclk.o
 .debug_macro   0x0001a067      0x4b3 src/ASF/common/utils/interrupt/interrupt_sam_nvic.o
 .debug_macro   0x0001a51a       0x3f src/ASF/common/utils/interrupt/interrupt_sam_nvic.o
 .debug_macro   0x0001a559      0x568 src/ASF/sam/boards/arduino_due_x/init.o
 .debug_macro   0x0001aac1      0x4c4 src/ASF/sam/drivers/pio/pio.o
 .debug_macro   0x0001af85       0x8e src/ASF/sam/drivers/pio/pio.o
 .debug_macro   0x0001b013      0x4c8 src/ASF/sam/drivers/pio/pio_handler.o
 .debug_macro   0x0001b4db      0x4be src/ASF/sam/drivers/pmc/pmc.o
 .debug_macro   0x0001b999       0x58 src/ASF/sam/drivers/pmc/pmc.o
 .debug_macro   0x0001b9f1      0x4bd src/ASF/sam/utils/cmsis/sam3x/source/templates/exceptions.o
 .debug_macro   0x0001beae      0x4cb src/ASF/sam/utils/cmsis/sam3x/source/templates/gcc/startup_sam3x.o
 .debug_macro   0x0001c379      0x4cb src/ASF/sam/utils/cmsis/sam3x/source/templates/system_sam3x.o
 .debug_macro   0x0001c844      0x129 src/ASF/sam/utils/syscalls/gcc/syscalls.o
 .debug_macro   0x0001c96d       0x52 src/ASF/sam/utils/syscalls/gcc/syscalls.o
 .debug_macro   0x0001c9bf       0x16 src/ASF/sam/utils/syscalls/gcc/syscalls.o
 .debug_macro   0x0001c9d5       0x10 src/ASF/sam/utils/syscalls/gcc/syscalls.o
 .debug_macro   0x0001c9e5       0x41 src/ASF/sam/utils/syscalls/gcc/syscalls.o
 .debug_macro   0x0001ca26      0x120 src/ASF/sam/utils/syscalls/gcc/syscalls.o

.debug_line     0x00000000    0x17672
 .debug_line    0x00000000      0xe6b src/adcFunctions.o
 .debug_line    0x00000e6b      0xd03 src/ASF/common/services/serial/usart_serial.o
 .debug_line    0x00001b6e      0xac1 src/ASF/common/utils/stdio/read.o
 .debug_line    0x0000262f      0xab7 src/ASF/common/utils/stdio/write.o
 .debug_line    0x000030e6      0xc62 src/ASF/sam/drivers/tc/tc.o
 .debug_line    0x00003d48      0xc77 src/ASF/sam/drivers/uart/uart.o
 .debug_line    0x000049bf     0x1191 src/ASF/sam/drivers/usart/usart.o
 .debug_line    0x00005b50     0x102b src/ASF/thirdparty/wireless/addons/sio2host/uart/sio2host.o
 .debug_line    0x00006b7b      0x26a src/buttons.o
 .debug_line    0x00006de5      0xf29 src/ConsoleFunctions.o
 .debug_line    0x00007d0e      0xe6b src/DelayFunctions.o
 .debug_line    0x00008b79       0x89 src/lcdApplication.o
 .debug_line    0x00008c02      0xf65 src/LCDFunctions.o
 .debug_line    0x00009b67     0x1036 test/main.o
 .debug_line    0x0000ab9d      0xf8a test/test_adcFunctions.o
 .debug_line    0x0000bb27      0xf6d test/test_buttons.o
 .debug_line    0x0000ca94      0xfa4 test/test_delayFunctions.o
 .debug_line    0x0000da38      0xfe7 test/test_lcdApplication.o
 .debug_line    0x0000ea1f     0x1047 test/test_lcdFunctions.o
 .debug_line    0x0000fa66      0xa59 unity/unity.o
 .debug_line    0x000104bf      0xc30 src/ASF/common/services/clock/sam3x/sysclk.o
 .debug_line    0x000110ef      0xadc src/ASF/common/utils/interrupt/interrupt_sam_nvic.o
 .debug_line    0x00011bcb      0xcc2 src/ASF/sam/boards/arduino_due_x/init.o
 .debug_line    0x0001288d      0xe2a src/ASF/sam/drivers/pio/pio.o
 .debug_line    0x000136b7      0xb75 src/ASF/sam/drivers/pio/pio_handler.o
 .debug_line    0x0001422c     0x102f src/ASF/sam/drivers/pmc/pmc.o
 .debug_line    0x0001525b      0xa9d src/ASF/sam/utils/cmsis/sam3x/source/templates/exceptions.o
 .debug_line    0x00015cf8      0xaed src/ASF/sam/utils/cmsis/sam3x/source/templates/gcc/startup_sam3x.o
 .debug_line    0x000167e5      0xb0a src/ASF/sam/utils/cmsis/sam3x/source/templates/system_sam3x.o
 .debug_line    0x000172ef      0x383 src/ASF/sam/utils/syscalls/gcc/syscalls.o

.debug_str      0x00000000    0x6d4bb
 .debug_str     0x00000000    0x5f846 src/adcFunctions.o
                              0x5fbcc (size before relaxing)
 .debug_str     0x0005f846      0x3b1 src/ASF/common/services/serial/usart_serial.o
                              0x5e43c (size before relaxing)
 .debug_str     0x0005fbf7       0x2c src/ASF/common/utils/stdio/read.o
                              0x5a3b1 (size before relaxing)
 .debug_str     0x0005fc23       0x26 src/ASF/common/utils/stdio/write.o
                              0x5a3b3 (size before relaxing)
 .debug_str     0x0005fc49      0x3be src/ASF/sam/drivers/tc/tc.o
                              0x5a75a (size before relaxing)
 .debug_str     0x00060007      0x2aa src/ASF/sam/drivers/uart/uart.o
                              0x5a777 (size before relaxing)
 .debug_str     0x000602b1      0xa2f src/ASF/sam/drivers/usart/usart.o
                              0x5b028 (size before relaxing)
 .debug_str     0x00060ce0      0x6c3 src/ASF/thirdparty/wireless/addons/sio2host/uart/sio2host.o
                              0x5f881 (size before relaxing)
 .debug_str     0x000613a3       0x5b src/buttons.o
                               0x3ed4 (size before relaxing)
 .debug_str     0x000613fe      0x19f src/ConsoleFunctions.o
                              0x5f352 (size before relaxing)
 .debug_str     0x0006159d       0x46 src/DelayFunctions.o
                              0x5ee89 (size before relaxing)
 .debug_str     0x000615e3       0x61 src/lcdApplication.o
                               0x2536 (size before relaxing)
 .debug_str     0x00061644      0x451 src/LCDFunctions.o
                              0x60094 (size before relaxing)
 .debug_str     0x00061a95     0x9527 test/main.o
                              0x6910d (size before relaxing)
 .debug_str     0x0006afbc      0x1b6 test/test_adcFunctions.o
                              0x6927a (size before relaxing)
 .debug_str     0x0006b172       0x2e test/test_buttons.o
                              0x690ef (size before relaxing)
 .debug_str     0x0006b1a0       0x98 test/test_delayFunctions.o
                              0x6926a (size before relaxing)
 .debug_str     0x0006b238       0x9b test/test_lcdApplication.o
                              0x6924a (size before relaxing)
 .debug_str     0x0006b2d3       0x71 test/test_lcdFunctions.o
                              0x691ee (size before relaxing)
 .debug_str     0x0006b344      0x7f6 unity/unity.o
                               0xf2b7 (size before relaxing)
 .debug_str     0x0006bb3a      0x242 src/ASF/common/services/clock/sam3x/sysclk.o
                              0x5e237 (size before relaxing)
 .debug_str     0x0006bd7c       0x73 src/ASF/common/utils/interrupt/interrupt_sam_nvic.o
                              0x5a402 (size before relaxing)
 .debug_str     0x0006bdef       0x74 src/ASF/sam/boards/arduino_due_x/init.o
                              0x5eb00 (size before relaxing)
 .debug_str     0x0006be63      0x40e src/ASF/sam/drivers/pio/pio.o
                              0x5ad56 (size before relaxing)
 .debug_str     0x0006c271      0x1bf src/ASF/sam/drivers/pio/pio_handler.o
                              0x5ad9e (size before relaxing)
 .debug_str     0x0006c430      0x67e src/ASF/sam/drivers/pmc/pmc.o
                              0x5adcc (size before relaxing)
 .debug_str     0x0006caae       0x4d src/ASF/sam/utils/cmsis/sam3x/source/templates/exceptions.o
                              0x5a3cb (size before relaxing)